App.c:91:9:Load_Param	16	static
App.c:114:6:Write_Param	16	static,ignoring_inline_asm
App.c:131:9:MeanArray	24	static
App.c:143:6:PWM_SetDutyAdapt	32	static
App.c:161:6:PatchPWMtoLED	16	static
App.c:187:6:Update_Display	40	static
App.c:320:6:Manage_Button	8	static
App.c:384:6:AppLEDTask	24	static
App.c:539:6:AppIHMTask	8	static
App.c:710:6:UpdateServo	16	static
App.c:717:6:App_Init	8	static
App.c:772:6:ManageFan	8	static
App.c:808:6:App	8	static
App.c:831:6:HAL_TIM_PeriodElapsedCallback	16	static
App.c:839:6:HAL_UART_RxCpltCallback	16	static
