Archive member included to satisfy reference by file (symbol)

c:/st/stm32cubeide_1.1.0/stm32cubeide/plugins/com.st.stm32cube.ide.mcu.externaltools.gnu-tools-for-stm32.7-2018-q2-update.win32_1.0.0.201904181610/tools/bin/../lib/gcc/arm-none-eabi/7.3.1/../../../../arm-none-eabi/lib/thumb/v7-m\libc_nano.a(lib_a-errno.o)
                              Src/syscalls.o (__errno)
c:/st/stm32cubeide_1.1.0/stm32cubeide/plugins/com.st.stm32cube.ide.mcu.externaltools.gnu-tools-for-stm32.7-2018-q2-update.win32_1.0.0.201904181610/tools/bin/../lib/gcc/arm-none-eabi/7.3.1/../../../../arm-none-eabi/lib/thumb/v7-m\libc_nano.a(lib_a-exit.o)
                              c:/st/stm32cubeide_1.1.0/stm32cubeide/plugins/com.st.stm32cube.ide.mcu.externaltools.gnu-tools-for-stm32.7-2018-q2-update.win32_1.0.0.201904181610/tools/bin/../lib/gcc/arm-none-eabi/7.3.1/../../../../arm-none-eabi/lib/thumb/v7-m/crt0.o (exit)
c:/st/stm32cubeide_1.1.0/stm32cubeide/plugins/com.st.stm32cube.ide.mcu.externaltools.gnu-tools-for-stm32.7-2018-q2-update.win32_1.0.0.201904181610/tools/bin/../lib/gcc/arm-none-eabi/7.3.1/../../../../arm-none-eabi/lib/thumb/v7-m\libc_nano.a(lib_a-impure.o)
                              c:/st/stm32cubeide_1.1.0/stm32cubeide/plugins/com.st.stm32cube.ide.mcu.externaltools.gnu-tools-for-stm32.7-2018-q2-update.win32_1.0.0.201904181610/tools/bin/../lib/gcc/arm-none-eabi/7.3.1/../../../../arm-none-eabi/lib/thumb/v7-m\libc_nano.a(lib_a-exit.o) (_global_impure_ptr)
c:/st/stm32cubeide_1.1.0/stm32cubeide/plugins/com.st.stm32cube.ide.mcu.externaltools.gnu-tools-for-stm32.7-2018-q2-update.win32_1.0.0.201904181610/tools/bin/../lib/gcc/arm-none-eabi/7.3.1/../../../../arm-none-eabi/lib/thumb/v7-m\libc_nano.a(lib_a-init.o)
                              c:/st/stm32cubeide_1.1.0/stm32cubeide/plugins/com.st.stm32cube.ide.mcu.externaltools.gnu-tools-for-stm32.7-2018-q2-update.win32_1.0.0.201904181610/tools/bin/../lib/gcc/arm-none-eabi/7.3.1/../../../../arm-none-eabi/lib/thumb/v7-m/crt0.o (__libc_init_array)
c:/st/stm32cubeide_1.1.0/stm32cubeide/plugins/com.st.stm32cube.ide.mcu.externaltools.gnu-tools-for-stm32.7-2018-q2-update.win32_1.0.0.201904181610/tools/bin/../lib/gcc/arm-none-eabi/7.3.1/../../../../arm-none-eabi/lib/thumb/v7-m\libc_nano.a(lib_a-memset.o)
                              c:/st/stm32cubeide_1.1.0/stm32cubeide/plugins/com.st.stm32cube.ide.mcu.externaltools.gnu-tools-for-stm32.7-2018-q2-update.win32_1.0.0.201904181610/tools/bin/../lib/gcc/arm-none-eabi/7.3.1/../../../../arm-none-eabi/lib/thumb/v7-m/crt0.o (memset)
c:/st/stm32cubeide_1.1.0/stm32cubeide/plugins/com.st.stm32cube.ide.mcu.externaltools.gnu-tools-for-stm32.7-2018-q2-update.win32_1.0.0.201904181610/tools/bin/../lib/gcc/arm-none-eabi/7.3.1/../../../../arm-none-eabi/lib/thumb/v7-m\libc_nano.a(lib_a-sprintf.o)
                              Src/App.o (sprintf)
c:/st/stm32cubeide_1.1.0/stm32cubeide/plugins/com.st.stm32cube.ide.mcu.externaltools.gnu-tools-for-stm32.7-2018-q2-update.win32_1.0.0.201904181610/tools/bin/../lib/gcc/arm-none-eabi/7.3.1/../../../../arm-none-eabi/lib/thumb/v7-m\libc_nano.a(lib_a-strlen.o)
                              Drivers/Devices/Display/__Fonts.o (strlen)
c:/st/stm32cubeide_1.1.0/stm32cubeide/plugins/com.st.stm32cube.ide.mcu.externaltools.gnu-tools-for-stm32.7-2018-q2-update.win32_1.0.0.201904181610/tools/bin/../lib/gcc/arm-none-eabi/7.3.1/../../../../arm-none-eabi/lib/thumb/v7-m\libc_nano.a(lib_a-nano-svfprintf.o)
                              c:/st/stm32cubeide_1.1.0/stm32cubeide/plugins/com.st.stm32cube.ide.mcu.externaltools.gnu-tools-for-stm32.7-2018-q2-update.win32_1.0.0.201904181610/tools/bin/../lib/gcc/arm-none-eabi/7.3.1/../../../../arm-none-eabi/lib/thumb/v7-m\libc_nano.a(lib_a-sprintf.o) (_svfprintf_r)
c:/st/stm32cubeide_1.1.0/stm32cubeide/plugins/com.st.stm32cube.ide.mcu.externaltools.gnu-tools-for-stm32.7-2018-q2-update.win32_1.0.0.201904181610/tools/bin/../lib/gcc/arm-none-eabi/7.3.1/../../../../arm-none-eabi/lib/thumb/v7-m\libc_nano.a(lib_a-nano-vfprintf_i.o)
                              c:/st/stm32cubeide_1.1.0/stm32cubeide/plugins/com.st.stm32cube.ide.mcu.externaltools.gnu-tools-for-stm32.7-2018-q2-update.win32_1.0.0.201904181610/tools/bin/../lib/gcc/arm-none-eabi/7.3.1/../../../../arm-none-eabi/lib/thumb/v7-m\libc_nano.a(lib_a-nano-svfprintf.o) (_printf_i)
c:/st/stm32cubeide_1.1.0/stm32cubeide/plugins/com.st.stm32cube.ide.mcu.externaltools.gnu-tools-for-stm32.7-2018-q2-update.win32_1.0.0.201904181610/tools/bin/../lib/gcc/arm-none-eabi/7.3.1/../../../../arm-none-eabi/lib/thumb/v7-m\libc_nano.a(lib_a-memchr-stub.o)
                              c:/st/stm32cubeide_1.1.0/stm32cubeide/plugins/com.st.stm32cube.ide.mcu.externaltools.gnu-tools-for-stm32.7-2018-q2-update.win32_1.0.0.201904181610/tools/bin/../lib/gcc/arm-none-eabi/7.3.1/../../../../arm-none-eabi/lib/thumb/v7-m\libc_nano.a(lib_a-nano-svfprintf.o) (memchr)
[...]
Memory Configuration

Name             Origin             Length             Attributes
RAM              0x0000000020000000 0x0000000000005000 xrw
FLASH            0x0000000008000000 0x0000000000010000 xr
*default*        0x0000000000000000 0xffffffffffffffff

Linker script and memory map

LOAD c:/st/stm32cubeide_1.1.0/stm32cubeide/plugins/com.st.stm32cube.ide.mcu.externaltools.gnu-tools-for-stm32.7-2018-q2-update.win32_1.0.0.201904181610/tools/bin/../lib/gcc/arm-none-eabi/7.3.1/thumb/v7-m/crti.o
LOAD c:/st/stm32cubeide_1.1.0/stm32cubeide/plugins/com.st.stm32cube.ide.mcu.externaltools.gnu-tools-for-stm32.7-2018-q2-update.win32_1.0.0.201904181610/tools/bin/../lib/gcc/arm-none-eabi/7.3.1/thumb/v7-m/crtbegin.o
LOAD c:/st/stm32cubeide_1.1.0/stm32cubeide/plugins/com.st.stm32cube.ide.mcu.externaltools.gnu-tools-for-stm32.7-2018-q2-update.win32_1.0.0.201904181610/tools/bin/../lib/gcc/arm-none-eabi/7.3.1/../../../../arm-none-eabi/lib/thumb/v7-m/crt0.o
LOAD Drivers/Devices/Display/__Fonts.o
LOAD Drivers/Devices/Display/ssd1306.o
LOAD Drivers/Devices/PWM/PWM.o
LOAD Drivers/STM32F1xx_HAL_Driver/Src/stm32f1xx_hal.o
LOAD Drivers/STM32F1xx_HAL_Driver/Src/stm32f1xx_hal_adc.o
LOAD Drivers/STM32F1xx_HAL_Driver/Src/stm32f1xx_hal_adc_ex.o
LOAD Drivers/STM32F1xx_HAL_Driver/Src/stm32f1xx_hal_cortex.o
LOAD Drivers/STM32F1xx_HAL_Driver/Src/stm32f1xx_hal_dma.o
LOAD Drivers/STM32F1xx_HAL_Driver/Src/stm32f1xx_hal_exti.o
LOAD Drivers/STM32F1xx_HAL_Driver/Src/stm32f1xx_hal_flash.o
LOAD Drivers/STM32F1xx_HAL_Driver/Src/stm32f1xx_hal_flash_ex.o
LOAD Drivers/STM32F1xx_HAL_Driver/Src/stm32f1xx_hal_gpio.o
LOAD Drivers/STM32F1xx_HAL_Driver/Src/stm32f1xx_hal_gpio_ex.o
LOAD Drivers/STM32F1xx_HAL_Driver/Src/stm32f1xx_hal_pwr.o
LOAD Drivers/STM32F1xx_HAL_Driver/Src/stm32f1xx_hal_rcc.o
LOAD Drivers/STM32F1xx_HAL_Driver/Src/stm32f1xx_hal_rcc_ex.o
LOAD Drivers/STM32F1xx_HAL_Driver/Src/stm32f1xx_hal_tim.o
LOAD Drivers/STM32F1xx_HAL_Driver/Src/stm32f1xx_hal_tim_ex.o
LOAD Drivers/STM32F1xx_HAL_Driver/Src/stm32f1xx_hal_uart.o
LOAD Drivers/System/Flash_Manager.o
LOAD Middlewares/Protocol/DMX/DMX.o
LOAD Middlewares/Protocol/GENE_I2C/GENE_I2C_Master.o
LOAD Src/App.o
LOAD Src/adc.o
LOAD Src/gpio.o
LOAD Src/main.o
LOAD Src/stm32f1xx_hal_msp.o
LOAD Src/stm32f1xx_it.o
LOAD Src/syscalls.o
LOAD Src/sysmem.o
LOAD Src/system_stm32f1xx.o
LOAD Src/tim.o
LOAD Src/usart.o
LOAD Startup/startup_stm32f103c8tx.o
START GROUP
LOAD c:/st/stm32cubeide_1.1.0/stm32cubeide/plugins/com.st.stm32cube.ide.mcu.externaltools.gnu-tools-for-stm32.7-2018-q2-update.win32_1.0.0.201904181610/tools/bin/../lib/gcc/arm-none-eabi/7.3.1/../../../../arm-none-eabi/lib/thumb/v7-m\libc_nano.a
LOAD c:/st/stm32cubeide_1.1.0/stm32cubeide/plugins/com.st.stm32cube.ide.mcu.externaltools.gnu-tools-for-stm32.7-2018-q2-update.win32_1.0.0.201904181610/tools/bin/../lib/gcc/arm-none-eabi/7.3.1/../../../../arm-none-eabi/lib/thumb/v7-m\libm.a
END GROUP
START GROUP
LOAD c:/st/stm32cubeide_1.1.0/stm32cubeide/plugins/com.st.stm32cube.ide.mcu.externaltools.gnu-tools-for-stm32.7-2018-q2-update.win32_1.0.0.201904181610/tools/bin/../lib/gcc/arm-none-eabi/7.3.1/thumb/v7-m\libgcc.a
LOAD c:/st/stm32cubeide_1.1.0/stm32cubeide/plugins/com.st.stm32cube.ide.mcu.externaltools.gnu-tools-for-stm32.7-2018-q2-update.win32_1.0.0.201904181610/tools/bin/../lib/gcc/arm-none-eabi/7.3.1/../../../../arm-none-eabi/lib/thumb/v7-m\libc_nano.a
END GROUP
START GROUP
LOAD c:/st/stm32cubeide_1.1.0/stm32cubeide/plugins/com.st.stm32cube.ide.mcu.externaltools.gnu-tools-for-stm32.7-2018-q2-update.win32_1.0.0.201904181610/tools/bin/../lib/gcc/arm-none-eabi/7.3.1/thumb/v7-m\libgcc.a
LOAD c:/st/stm32cubeide_1.1.0/stm32cubeide/plugins/com.st.stm32cube.ide.mcu.externaltools.gnu-tools-for-stm32.7-2018-q2-update.win32_1.0.0.201904181610/tools/bin/../lib/gcc/arm-none-eabi/7.3.1/../../../../arm-none-eabi/lib/thumb/v7-m\libc_nano.a
LOAD c:/st/stm32cubeide_1.1.0/stm32cubeide/plugins/com.st.stm32cube.ide.mcu.externaltools.gnu-tools-for-stm32.7-2018-q2-update.win32_1.0.0.201904181610/tools/bin/../lib/gcc/arm-none-eabi/7.3.1/../../../../arm-none-eabi/lib/thumb/v7-m\libnosys.a
END GROUP
START GROUP
LOAD c:/st/stm32cubeide_1.1.0/stm32cubeide/plugins/com.st.stm32cube.ide.mcu.externaltools.gnu-tools-for-stm32.7-2018-q2-update.win32_1.0.0.201904181610/tools/bin/../lib/gcc/arm-none-eabi/7.3.1/thumb/v7-m\libgcc.a
LOAD c:/st/stm32cubeide_1.1.0/stm32cubeide/plugins/com.st.stm32cube.ide.mcu.externaltools.gnu-tools-for-stm32.7-2018-q2-update.win32_1.0.0.201904181610/tools/bin/../lib/gcc/arm-none-eabi/7.3.1/../../../../arm-none-eabi/lib/thumb/v7-m\libc_nano.a
LOAD c:/st/stm32cubeide_1.1.0/stm32cubeide/plugins/com.st.stm32cube.ide.mcu.externaltools.gnu-tools-for-stm32.7-2018-q2-update.win32_1.0.0.201904181610/tools/bin/../lib/gcc/arm-none-eabi/7.3.1/../../../../arm-none-eabi/lib/thumb/v7-m\libnosys.a
END GROUP
LOAD c:/st/stm32cubeide_1.1.0/stm32cubeide/plugins/com.st.stm32cube.ide.mcu.externaltools.gnu-tools-for-stm32.7-2018-q2-update.win32_1.0.0.201904181610/tools/bin/../lib/gcc/arm-none-eabi/7.3.1/thumb/v7-m/crtend.o
LOAD c:/st/stm32cubeide_1.1.0/stm32cubeide/plugins/com.st.stm32cube.ide.mcu.externaltools.gnu-tools-for-stm32.7-2018-q2-update.win32_1.0.0.201904181610/tools/bin/../lib/gcc/arm-none-eabi/7.3.1/thumb/v7-m/crtn.o
                0x0000000020005000                _estack = 0x20005000
                0x0000000000000200                _Min_Heap_Size = 0x200
                0x0000000000000400                _Min_Stack_Size = 0x400

.isr_vector     0x0000000008000000      0x10c
                0x0000000008000000                . = ALIGN (0x4)
 *(.isr_vector)
 .isr_vector    0x0000000008000000      0x10c Startup/startup_stm32f103c8tx.o
                0x0000000008000000                g_pfnVectors
                0x000000000800010c                . = ALIGN (0x4)

.text           0x000000000800010c     0x64b0
                0x000000000800010c                . = ALIGN (0x4)
 *(.text)
 .text          0x000000000800010c       0x40 c:/st/stm32cubeide_1.1.0/stm32cubeide/plugins/com.st.stm32cube.ide.mcu.externaltools.gnu-tools-for-stm32.7-2018-q2-update.win32_1.0.0.201904181610/tools/bin/../lib/gcc/arm-none-eabi/7.3.1/thumb/v7-m/crtbegin.o
 *(.text*)
 .text.SSD1306_Init
                0x000000000800014c      0x16c Drivers/Devices/Display/ssd1306.o
                0x000000000800014c                SSD1306_Init
 .text.SSD1306_UpdateScreen
                0x00000000080002b8       0x5c Drivers/Devices/Display/ssd1306.o
                0x00000000080002b8                SSD1306_UpdateScreen
 .text.SSD1306_Fill
                0x0000000008000314       0x30 Drivers/Devices/Display/ssd1306.o
                0x0000000008000314                SSD1306_Fill
 .text.SSD1306_DrawPixel
                0x0000000008000344       0xbc Drivers/Devices/Display/ssd1306.o
                0x0000000008000344                SSD1306_DrawPixel
 .text.SSD1306_GotoXY
                0x0000000008000400       0x2c Drivers/Devices/Display/ssd1306.o
                0x0000000008000400                SSD1306_GotoXY
 .text.SSD1306_Putc
                0x000000000800042c      0x100 Drivers/Devices/Display/ssd1306.o
                0x000000000800042c                SSD1306_Putc
 .text.SSD1306_Puts
                0x000000000800052c       0x4a Drivers/Devices/Display/ssd1306.o
                0x000000000800052c                SSD1306_Puts
 .text.SSD1306_DrawLine
                0x0000000008000576      0x1f6 Drivers/Devices/Display/ssd1306.o
                0x0000000008000576                SSD1306_DrawLine
 .text.SSD1306_DrawFilledTriangle
                0x000000000800076c      0x182 Drivers/Devices/Display/ssd1306.o
                0x000000000800076c                SSD1306_DrawFilledTriangle
 .text.SSD1306_Clear
                0x00000000080008ee        0xe Drivers/Devices/Display/ssd1306.o
                0x00000000080008ee                SSD1306_Clear
 .text.ssd1306_I2C_Init
                0x00000000080008fc       0x28 Drivers/Devices/Display/ssd1306.o
                0x00000000080008fc                ssd1306_I2C_Init
 .text.ssd1306_I2C_WriteMulti
                0x0000000008000924       0x84 Drivers/Devices/Display/ssd1306.o
                0x0000000008000924                ssd1306_I2C_WriteMulti
 .text.ssd1306_I2C_Write
                0x00000000080009a8       0x30 Drivers/Devices/Display/ssd1306.o
                0x00000000080009a8                ssd1306_I2C_Write
 .text.PWM_SetDuty
                0x00000000080009d8       0x50 Drivers/Devices/PWM/PWM.o
                0x00000000080009d8                PWM_SetDuty
 .text.HAL_Init
                0x0000000008000a28       0x2c Drivers/STM32F1xx_HAL_Driver/Src/stm32f1xx_hal.o
                0x0000000008000a28                HAL_Init
 .text.HAL_InitTick
                0x0000000008000a54       0x60 Drivers/STM32F1xx_HAL_Driver/Src/stm32f1xx_hal.o
                0x0000000008000a54                HAL_InitTick
 .text.HAL_IncTick
                0x0000000008000ab4       0x24 Drivers/STM32F1xx_HAL_Driver/Src/stm32f1xx_hal.o
                0x0000000008000ab4                HAL_IncTick
 .text.HAL_GetTick
                0x0000000008000ad8       0x14 Drivers/STM32F1xx_HAL_Driver/Src/stm32f1xx_hal.o
                0x0000000008000ad8                HAL_GetTick
 .text.HAL_ADC_Init
                0x0000000008000aec      0x1b0 Drivers/STM32F1xx_HAL_Driver/Src/stm32f1xx_hal_adc.o
                0x0000000008000aec                HAL_ADC_Init
 .text.HAL_ADC_ConfigChannel
                0x0000000008000c9c      0x1f0 Drivers/STM32F1xx_HAL_Driver/Src/stm32f1xx_hal_adc.o
                0x0000000008000c9c                HAL_ADC_ConfigChannel
 .text.ADC_ConversionStop_Disable
                0x0000000008000e8c       0x74 Drivers/STM32F1xx_HAL_Driver/Src/stm32f1xx_hal_adc.o
                0x0000000008000e8c                ADC_ConversionStop_Disable
 .text.__NVIC_SetPriorityGrouping
                0x0000000008000f00       0x48 Drivers/STM32F1xx_HAL_Driver/Src/stm32f1xx_hal_cortex.o
 .text.__NVIC_GetPriorityGrouping
                0x0000000008000f48       0x1c Drivers/STM32F1xx_HAL_Driver/Src/stm32f1xx_hal_cortex.o
 .text.__NVIC_EnableIRQ
                0x0000000008000f64       0x38 Drivers/STM32F1xx_HAL_Driver/Src/stm32f1xx_hal_cortex.o
 .text.__NVIC_SetPriority
                0x0000000008000f9c       0x54 Drivers/STM32F1xx_HAL_Driver/Src/stm32f1xx_hal_cortex.o
 .text.NVIC_EncodePriority
                0x0000000008000ff0       0x64 Drivers/STM32F1xx_HAL_Driver/Src/stm32f1xx_hal_cortex.o
 .text.SysTick_Config
                0x0000000008001054       0x44 Drivers/STM32F1xx_HAL_Driver/Src/stm32f1xx_hal_cortex.o
 .text.HAL_NVIC_SetPriorityGrouping
                0x0000000008001098       0x16 Drivers/STM32F1xx_HAL_Driver/Src/stm32f1xx_hal_cortex.o
                0x0000000008001098                HAL_NVIC_SetPriorityGrouping
 .text.HAL_NVIC_SetPriority
                0x00000000080010ae       0x38 Drivers/STM32F1xx_HAL_Driver/Src/stm32f1xx_hal_cortex.o
                0x00000000080010ae                HAL_NVIC_SetPriority
 .text.HAL_NVIC_EnableIRQ
                0x00000000080010e6       0x1c Drivers/STM32F1xx_HAL_Driver/Src/stm32f1xx_hal_cortex.o
                0x00000000080010e6                HAL_NVIC_EnableIRQ
 .text.HAL_SYSTICK_Config
                0x0000000008001102       0x18 Drivers/STM32F1xx_HAL_Driver/Src/stm32f1xx_hal_cortex.o
                0x0000000008001102                HAL_SYSTICK_Config
 *fill*         0x000000000800111a        0x2 
 .text.HAL_DMA_Abort_IT
                0x000000000800111c       0xec Drivers/STM32F1xx_HAL_Driver/Src/stm32f1xx_hal_dma.o
                0x000000000800111c                HAL_DMA_Abort_IT
 .text.HAL_FLASH_Program
                0x0000000008001208       0xe0 Drivers/STM32F1xx_HAL_Driver/Src/stm32f1xx_hal_flash.o
                0x0000000008001208                HAL_FLASH_Program
 .text.HAL_FLASH_Unlock
                0x00000000080012e8       0x4c Drivers/STM32F1xx_HAL_Driver/Src/stm32f1xx_hal_flash.o
                0x00000000080012e8                HAL_FLASH_Unlock
 .text.HAL_FLASH_Lock
                0x0000000008001334       0x20 Drivers/STM32F1xx_HAL_Driver/Src/stm32f1xx_hal_flash.o
                0x0000000008001334                HAL_FLASH_Lock
 .text.FLASH_Program_HalfWord
                0x0000000008001354       0x38 Drivers/STM32F1xx_HAL_Driver/Src/stm32f1xx_hal_flash.o
 .text.FLASH_WaitForLastOperation
                0x000000000800138c       0x8c Drivers/STM32F1xx_HAL_Driver/Src/stm32f1xx_hal_flash.o
                0x000000000800138c                FLASH_WaitForLastOperation
 .text.FLASH_SetErrorCode
                0x0000000008001418       0xa0 Drivers/STM32F1xx_HAL_Driver/Src/stm32f1xx_hal_flash.o
 .text.HAL_FLASHEx_Erase
                0x00000000080014b8       0xd8 Drivers/STM32F1xx_HAL_Driver/Src/stm32f1xx_hal_flash_ex.o
                0x00000000080014b8                HAL_FLASHEx_Erase
 .text.FLASH_MassErase
                0x0000000008001590       0x38 Drivers/STM32F1xx_HAL_Driver/Src/stm32f1xx_hal_flash_ex.o
 .text.FLASH_PageErase
                0x00000000080015c8       0x40 Drivers/STM32F1xx_HAL_Driver/Src/stm32f1xx_hal_flash_ex.o
                0x00000000080015c8                FLASH_PageErase
 .text.HAL_GPIO_Init
                0x0000000008001608      0x2b4 Drivers/STM32F1xx_HAL_Driver/Src/stm32f1xx_hal_gpio.o
                0x0000000008001608                HAL_GPIO_Init
 .text.HAL_GPIO_ReadPin
                0x00000000080018bc       0x2e Drivers/STM32F1xx_HAL_Driver/Src/stm32f1xx_hal_gpio.o
                0x00000000080018bc                HAL_GPIO_ReadPin
 .text.HAL_GPIO_WritePin
                0x00000000080018ea       0x30 Drivers/STM32F1xx_HAL_Driver/Src/stm32f1xx_hal_gpio.o
                0x00000000080018ea                HAL_GPIO_WritePin
 .text.HAL_GPIO_TogglePin
                0x000000000800191a       0x30 Drivers/STM32F1xx_HAL_Driver/Src/stm32f1xx_hal_gpio.o
                0x000000000800191a                HAL_GPIO_TogglePin
 *fill*         0x000000000800194a        0x2 
 .text.HAL_RCC_OscConfig
                0x000000000800194c      0x500 Drivers/STM32F1xx_HAL_Driver/Src/stm32f1xx_hal_rcc.o
                0x000000000800194c                HAL_RCC_OscConfig
 .text.HAL_RCC_ClockConfig
                0x0000000008001e4c      0x1d4 Drivers/STM32F1xx_HAL_Driver/Src/stm32f1xx_hal_rcc.o
                0x0000000008001e4c                HAL_RCC_ClockConfig
 .text.HAL_RCC_GetSysClockFreq
                0x0000000008002020       0xc4 Drivers/STM32F1xx_HAL_Driver/Src/stm32f1xx_hal_rcc.o
                0x0000000008002020                HAL_RCC_GetSysClockFreq
 .text.HAL_RCC_GetHCLKFreq
                0x00000000080020e4       0x14 Drivers/STM32F1xx_HAL_Driver/Src/stm32f1xx_hal_rcc.o
                0x00000000080020e4                HAL_RCC_GetHCLKFreq
 .text.HAL_RCC_GetPCLK1Freq
                0x00000000080020f8       0x28 Drivers/STM32F1xx_HAL_Driver/Src/stm32f1xx_hal_rcc.o
                0x00000000080020f8                HAL_RCC_GetPCLK1Freq
 .text.HAL_RCC_GetPCLK2Freq
                0x0000000008002120       0x28 Drivers/STM32F1xx_HAL_Driver/Src/stm32f1xx_hal_rcc.o
                0x0000000008002120                HAL_RCC_GetPCLK2Freq
 .text.RCC_Delay
                0x0000000008002148       0x3c Drivers/STM32F1xx_HAL_Driver/Src/stm32f1xx_hal_rcc.o
 .text.HAL_RCCEx_PeriphCLKConfig
                0x0000000008002184      0x16c Drivers/STM32F1xx_HAL_Driver/Src/stm32f1xx_hal_rcc_ex.o
                0x0000000008002184                HAL_RCCEx_PeriphCLKConfig
 .text.HAL_TIM_Base_Init
                0x00000000080022f0       0x56 Drivers/STM32F1xx_HAL_Driver/Src/stm32f1xx_hal_tim.o
                0x00000000080022f0                HAL_TIM_Base_Init
 .text.HAL_TIM_Base_Start_IT
                0x0000000008002346       0x46 Drivers/STM32F1xx_HAL_Driver/Src/stm32f1xx_hal_tim.o
                0x0000000008002346                HAL_TIM_Base_Start_IT
 .text.HAL_TIM_PWM_Init
                0x000000000800238c       0x56 Drivers/STM32F1xx_HAL_Driver/Src/stm32f1xx_hal_tim.o
                0x000000000800238c                HAL_TIM_PWM_Init
 .text.HAL_TIM_PWM_MspInit
                0x00000000080023e2       0x12 Drivers/STM32F1xx_HAL_Driver/Src/stm32f1xx_hal_tim.o
                0x00000000080023e2                HAL_TIM_PWM_MspInit
 .text.HAL_TIM_PWM_Start
                0x00000000080023f4       0x64 Drivers/STM32F1xx_HAL_Driver/Src/stm32f1xx_hal_tim.o
                0x00000000080023f4                HAL_TIM_PWM_Start
 .text.HAL_TIM_IRQHandler
                0x0000000008002458      0x210 Drivers/STM32F1xx_HAL_Driver/Src/stm32f1xx_hal_tim.o
                0x0000000008002458                HAL_TIM_IRQHandler
 .text.HAL_TIM_PWM_ConfigChannel
                0x0000000008002668      0x18c Drivers/STM32F1xx_HAL_Driver/Src/stm32f1xx_hal_tim.o
                0x0000000008002668                HAL_TIM_PWM_ConfigChannel
 .text.HAL_TIM_ConfigClockSource
                0x00000000080027f4      0x16e Drivers/STM32F1xx_HAL_Driver/Src/stm32f1xx_hal_tim.o
                0x00000000080027f4                HAL_TIM_ConfigClockSource
 .text.HAL_TIM_OC_DelayElapsedCallback
                0x0000000008002962       0x12 Drivers/STM32F1xx_HAL_Driver/Src/stm32f1xx_hal_tim.o
                0x0000000008002962                HAL_TIM_OC_DelayElapsedCallback
 .text.HAL_TIM_IC_CaptureCallback
                0x0000000008002974       0x12 Drivers/STM32F1xx_HAL_Driver/Src/stm32f1xx_hal_tim.o
                0x0000000008002974                HAL_TIM_IC_CaptureCallback
 .text.HAL_TIM_PWM_PulseFinishedCallback
                0x0000000008002986       0x12 Drivers/STM32F1xx_HAL_Driver/Src/stm32f1xx_hal_tim.o
                0x0000000008002986                HAL_TIM_PWM_PulseFinishedCallback
 .text.HAL_TIM_TriggerCallback
                0x0000000008002998       0x12 Drivers/STM32F1xx_HAL_Driver/Src/stm32f1xx_hal_tim.o
                0x0000000008002998                HAL_TIM_TriggerCallback
 *fill*         0x00000000080029aa        0x2 
 .text.TIM_Base_SetConfig
                0x00000000080029ac       0xc4 Drivers/STM32F1xx_HAL_Driver/Src/stm32f1xx_hal_tim.o
                0x00000000080029ac                TIM_Base_SetConfig
 .text.TIM_OC1_SetConfig
                0x0000000008002a70       0xcc Drivers/STM32F1xx_HAL_Driver/Src/stm32f1xx_hal_tim.o
 .text.TIM_OC2_SetConfig
                0x0000000008002b3c       0xd4 Drivers/STM32F1xx_HAL_Driver/Src/stm32f1xx_hal_tim.o
                0x0000000008002b3c                TIM_OC2_SetConfig
 .text.TIM_OC3_SetConfig
                0x0000000008002c10       0xd4 Drivers/STM32F1xx_HAL_Driver/Src/stm32f1xx_hal_tim.o
 .text.TIM_OC4_SetConfig
                0x0000000008002ce4       0x9c Drivers/STM32F1xx_HAL_Driver/Src/stm32f1xx_hal_tim.o
 .text.TIM_TI1_ConfigInputStage
                0x0000000008002d80       0x5c Drivers/STM32F1xx_HAL_Driver/Src/stm32f1xx_hal_tim.o
 .text.TIM_TI2_ConfigInputStage
                0x0000000008002ddc       0x5e Drivers/STM32F1xx_HAL_Driver/Src/stm32f1xx_hal_tim.o
 .text.TIM_ITRx_SetConfig
                0x0000000008002e3a       0x34 Drivers/STM32F1xx_HAL_Driver/Src/stm32f1xx_hal_tim.o
 .text.TIM_ETR_SetConfig
                0x0000000008002e6e       0x3e Drivers/STM32F1xx_HAL_Driver/Src/stm32f1xx_hal_tim.o
                0x0000000008002e6e                TIM_ETR_SetConfig
 .text.TIM_CCxChannelCmd
                0x0000000008002eac       0x48 Drivers/STM32F1xx_HAL_Driver/Src/stm32f1xx_hal_tim.o
                0x0000000008002eac                TIM_CCxChannelCmd
 .text.HAL_TIMEx_MasterConfigSynchronization
                0x0000000008002ef4       0x88 Drivers/STM32F1xx_HAL_Driver/Src/stm32f1xx_hal_tim_ex.o
                0x0000000008002ef4                HAL_TIMEx_MasterConfigSynchronization
 .text.HAL_TIMEx_CommutCallback
                0x0000000008002f7c       0x12 Drivers/STM32F1xx_HAL_Driver/Src/stm32f1xx_hal_tim_ex.o
                0x0000000008002f7c                HAL_TIMEx_CommutCallback
 .text.HAL_TIMEx_BreakCallback
                0x0000000008002f8e       0x12 Drivers/STM32F1xx_HAL_Driver/Src/stm32f1xx_hal_tim_ex.o
                0x0000000008002f8e                HAL_TIMEx_BreakCallback
 .text.HAL_UART_Init
                0x0000000008002fa0       0x9a Drivers/STM32F1xx_HAL_Driver/Src/stm32f1xx_hal_uart.o
                0x0000000008002fa0                HAL_UART_Init
 .text.HAL_UART_Receive_IT
                0x000000000800303a       0xa8 Drivers/STM32F1xx_HAL_Driver/Src/stm32f1xx_hal_uart.o
                0x000000000800303a                HAL_UART_Receive_IT
 *fill*         0x00000000080030e2        0x2 
 .text.HAL_UART_IRQHandler
                0x00000000080030e4      0x1f8 Drivers/STM32F1xx_HAL_Driver/Src/stm32f1xx_hal_uart.o
                0x00000000080030e4                HAL_UART_IRQHandler
 .text.HAL_UART_TxCpltCallback
                0x00000000080032dc       0x12 Drivers/STM32F1xx_HAL_Driver/Src/stm32f1xx_hal_uart.o
                0x00000000080032dc                HAL_UART_TxCpltCallback
 .text.HAL_UART_ErrorCallback
                0x00000000080032ee       0x12 Drivers/STM32F1xx_HAL_Driver/Src/stm32f1xx_hal_uart.o
                0x00000000080032ee                HAL_UART_ErrorCallback
 .text.UART_EndRxTransfer
                0x0000000008003300       0x3a Drivers/STM32F1xx_HAL_Driver/Src/stm32f1xx_hal_uart.o
 .text.UART_DMAAbortOnError
                0x000000000800333a       0x28 Drivers/STM32F1xx_HAL_Driver/Src/stm32f1xx_hal_uart.o
 .text.UART_Transmit_IT
                0x0000000008003362       0xaa Drivers/STM32F1xx_HAL_Driver/Src/stm32f1xx_hal_uart.o
 .text.UART_EndTransmit_IT
                0x000000000800340c       0x30 Drivers/STM32F1xx_HAL_Driver/Src/stm32f1xx_hal_uart.o
 .text.UART_Receive_IT
                0x000000000800343c      0x102 Drivers/STM32F1xx_HAL_Driver/Src/stm32f1xx_hal_uart.o
 *fill*         0x000000000800353e        0x2 
 .text.UART_SetConfig
                0x0000000008003540      0x1b4 Drivers/STM32F1xx_HAL_Driver/Src/stm32f1xx_hal_uart.o
 .text.FlashManager_PageAddress
                0x00000000080036f4       0x3c Drivers/System/Flash_Manager.o
                0x00000000080036f4                FlashManager_PageAddress
 .text.FlashManager_ErasePage
                0x0000000008003730       0x4a Drivers/System/Flash_Manager.o
                0x0000000008003730                FlashManager_ErasePage
 *fill*         0x000000000800377a        0x2 
 .text.FlashManager_WriteMulti
                0x000000000800377c       0xec Drivers/System/Flash_Manager.o
                0x000000000800377c                FlashManager_WriteMulti
 .text.FlashManager_ReadInt32
                0x0000000008003868       0x1a Drivers/System/Flash_Manager.o
                0x0000000008003868                FlashManager_ReadInt32
 *fill*         0x0000000008003882        0x2 
 .text.Protocol_DMX_init
                0x0000000008003884       0xc0 Middlewares/Protocol/DMX/DMX.o
                0x0000000008003884                Protocol_DMX_init
 .text.Protocol_DMX_UartCallback
                0x0000000008003944       0xe0 Middlewares/Protocol/DMX/DMX.o
                0x0000000008003944                Protocol_DMX_UartCallback
 .text.Protocol_DMX_GetValue
                0x0000000008003a24       0x30 Middlewares/Protocol/DMX/DMX.o
                0x0000000008003a24                Protocol_DMX_GetValue
 .text.Protocol_DMX_GetLastTickFrame
                0x0000000008003a54       0x14 Middlewares/Protocol/DMX/DMX.o
                0x0000000008003a54                Protocol_DMX_GetLastTickFrame
 .text.GENE_I2C_Init
                0x0000000008003a68       0x64 Middlewares/Protocol/GENE_I2C/GENE_I2C_Master.o
                0x0000000008003a68                GENE_I2C_Init
 .text.GENE_I2C_Master_Transmit
                0x0000000008003acc      0x22c Middlewares/Protocol/GENE_I2C/GENE_I2C_Master.o
                0x0000000008003acc                GENE_I2C_Master_Transmit
 .text.I2C_usDelay
                0x0000000008003cf8       0x12 Middlewares/Protocol/GENE_I2C/GENE_I2C_Master.o
                0x0000000008003cf8                I2C_usDelay
 *fill*         0x0000000008003d0a        0x2 
 .text.Load_Param
                0x0000000008003d0c       0x8c Src/App.o
                0x0000000008003d0c                Load_Param
 .text.Write_Param
                0x0000000008003d98       0x6c Src/App.o
                0x0000000008003d98                Write_Param
 .text.MeanArray
                0x0000000008003e04       0x48 Src/App.o
                0x0000000008003e04                MeanArray
 .text.PWM_SetDutyAdapt
                0x0000000008003e4c       0x84 Src/App.o
                0x0000000008003e4c                PWM_SetDutyAdapt
 .text.PatchPWMtoLED
                0x0000000008003ed0       0xa0 Src/App.o
                0x0000000008003ed0                PatchPWMtoLED
 .text.Update_Display
                0x0000000008003f70      0x3f8 Src/App.o
                0x0000000008003f70                Update_Display
 .text.Manage_Button
                0x0000000008004368      0x150 Src/App.o
                0x0000000008004368                Manage_Button
 .text.AppLEDTask
                0x00000000080044b8      0x584 Src/App.o
                0x00000000080044b8                AppLEDTask
 .text.AppIHMTask
                0x0000000008004a3c      0x3c8 Src/App.o
                0x0000000008004a3c                AppIHMTask
 .text.UpdateServo
                0x0000000008004e04       0x54 Src/App.o
                0x0000000008004e04                UpdateServo
 .text.App_Init
                0x0000000008004e58      0x1bc Src/App.o
                0x0000000008004e58                App_Init
 .text.ManageFan
                0x0000000008005014       0xd8 Src/App.o
                0x0000000008005014                ManageFan
 .text.App      0x00000000080050ec       0x74 Src/App.o
                0x00000000080050ec                App
 .text.HAL_TIM_PeriodElapsedCallback
                0x0000000008005160       0x20 Src/App.o
                0x0000000008005160                HAL_TIM_PeriodElapsedCallback
 .text.HAL_UART_RxCpltCallback
                0x0000000008005180       0x16 Src/App.o
                0x0000000008005180                HAL_UART_RxCpltCallback
 *fill*         0x0000000008005196        0x2 
 .text.MX_ADC1_Init
                0x0000000008005198       0x7c Src/adc.o
                0x0000000008005198                MX_ADC1_Init
 .text.HAL_ADC_MspInit
                0x0000000008005214       0xa8 Src/adc.o
                0x0000000008005214                HAL_ADC_MspInit
 .text.MX_GPIO_Init
                0x00000000080052bc      0x13c Src/gpio.o
                0x00000000080052bc                MX_GPIO_Init
 .text.main     0x00000000080053f8       0x50 Src/main.o
                0x00000000080053f8                main
 .text.SystemClock_Config
                0x0000000008005448       0xb0 Src/main.o
                0x0000000008005448                SystemClock_Config
 .text.Error_Handler
                0x00000000080054f8        0xc Src/main.o
                0x00000000080054f8                Error_Handler
 .text.HAL_MspInit
                0x0000000008005504       0x64 Src/stm32f1xx_hal_msp.o
                0x0000000008005504                HAL_MspInit
 .text.NMI_Handler
                0x0000000008005568        0xc Src/stm32f1xx_it.o
                0x0000000008005568                NMI_Handler
 .text.HardFault_Handler
                0x0000000008005574        0x6 Src/stm32f1xx_it.o
                0x0000000008005574                HardFault_Handler
 .text.MemManage_Handler
                0x000000000800557a        0x6 Src/stm32f1xx_it.o
                0x000000000800557a                MemManage_Handler
 .text.BusFault_Handler
                0x0000000008005580        0x6 Src/stm32f1xx_it.o
                0x0000000008005580                BusFault_Handler
 .text.UsageFault_Handler
                0x0000000008005586        0x6 Src/stm32f1xx_it.o
                0x0000000008005586                UsageFault_Handler
 .text.SVC_Handler
                0x000000000800558c        0xc Src/stm32f1xx_it.o
                0x000000000800558c                SVC_Handler
 .text.DebugMon_Handler
                0x0000000008005598        0xc Src/stm32f1xx_it.o
                0x0000000008005598                DebugMon_Handler
 .text.PendSV_Handler
                0x00000000080055a4        0xc Src/stm32f1xx_it.o
                0x00000000080055a4                PendSV_Handler
 .text.SysTick_Handler
                0x00000000080055b0        0xc Src/stm32f1xx_it.o
                0x00000000080055b0                SysTick_Handler
 .text.TIM1_UP_IRQHandler
                0x00000000080055bc       0x14 Src/stm32f1xx_it.o
                0x00000000080055bc                TIM1_UP_IRQHandler
 .text.USART2_IRQHandler
                0x00000000080055d0       0x14 Src/stm32f1xx_it.o
                0x00000000080055d0                USART2_IRQHandler
 .text._sbrk    0x00000000080055e4       0x58 Src/sysmem.o
                0x00000000080055e4                _sbrk
 .text.SystemInit
                0x000000000800563c       0x68 Src/system_stm32f1xx.o
                0x000000000800563c                SystemInit
 .text.MX_TIM1_Init
                0x00000000080056a4       0xa0 Src/tim.o
                0x00000000080056a4                MX_TIM1_Init
 .text.MX_TIM2_Init
                0x0000000008005744      0x12c Src/tim.o
                0x0000000008005744                MX_TIM2_Init
 .text.MX_TIM4_Init
                0x0000000008005870      0x104 Src/tim.o
                0x0000000008005870                MX_TIM4_Init
 .text.HAL_TIM_Base_MspInit
                0x0000000008005974       0x98 Src/tim.o
                0x0000000008005974                HAL_TIM_Base_MspInit
 .text.HAL_TIM_MspPostInit
                0x0000000008005a0c      0x100 Src/tim.o
                0x0000000008005a0c                HAL_TIM_MspPostInit
 .text.MX_USART1_UART_Init
                0x0000000008005b0c       0x54 Src/usart.o
                0x0000000008005b0c                MX_USART1_UART_Init
 .text.MX_USART2_UART_Init
                0x0000000008005b60       0x58 Src/usart.o
                0x0000000008005b60                MX_USART2_UART_Init
 .text.HAL_UART_MspInit
                0x0000000008005bb8      0x118 Src/usart.o
                0x0000000008005bb8                HAL_UART_MspInit
 .text.Reset_Handler
                0x0000000008005cd0       0x48 Startup/startup_stm32f103c8tx.o
                0x0000000008005cd0                Reset_Handler
 .text.Default_Handler
                0x0000000008005d18        0x2 Startup/startup_stm32f103c8tx.o
                0x0000000008005d18                RTC_Alarm_IRQHandler
                0x0000000008005d18                EXTI2_IRQHandler
                0x0000000008005d18                TIM1_CC_IRQHandler
                0x0000000008005d18                PVD_IRQHandler
                0x0000000008005d18                EXTI3_IRQHandler
                0x0000000008005d18                EXTI0_IRQHandler
                0x0000000008005d18                I2C2_EV_IRQHandler
                0x0000000008005d18                ADC1_2_IRQHandler
                0x0000000008005d18                SPI1_IRQHandler
                0x0000000008005d18                TAMPER_IRQHandler
                0x0000000008005d18                DMA1_Channel4_IRQHandler
                0x0000000008005d18                USART3_IRQHandler
                0x0000000008005d18                RTC_IRQHandler
                0x0000000008005d18                DMA1_Channel7_IRQHandler
                0x0000000008005d18                CAN1_RX1_IRQHandler
                0x0000000008005d18                TIM4_IRQHandler
                0x0000000008005d18                I2C1_EV_IRQHandler
                0x0000000008005d18                DMA1_Channel6_IRQHandler
                0x0000000008005d18                TIM3_IRQHandler
                0x0000000008005d18                RCC_IRQHandler
                0x0000000008005d18                TIM1_TRG_COM_IRQHandler
                0x0000000008005d18                DMA1_Channel1_IRQHandler
                0x0000000008005d18                Default_Handler
                0x0000000008005d18                EXTI15_10_IRQHandler
                0x0000000008005d18                EXTI9_5_IRQHandler
                0x0000000008005d18                SPI2_IRQHandler
                0x0000000008005d18                DMA1_Channel5_IRQHandler
                0x0000000008005d18                EXTI4_IRQHandler
                0x0000000008005d18                USB_LP_CAN1_RX0_IRQHandler
                0x0000000008005d18                USB_HP_CAN1_TX_IRQHandler
                0x0000000008005d18                DMA1_Channel3_IRQHandler
                0x0000000008005d18                WWDG_IRQHandler
                0x0000000008005d18                TIM2_IRQHandler
                0x0000000008005d18                TIM1_BRK_IRQHandler
                0x0000000008005d18                EXTI1_IRQHandler
                0x0000000008005d18                I2C2_ER_IRQHandler
                0x0000000008005d18                DMA1_Channel2_IRQHandler
                0x0000000008005d18                CAN1_SCE_IRQHandler
                0x0000000008005d18                FLASH_IRQHandler
                0x0000000008005d18                USART1_IRQHandler
                0x0000000008005d18                I2C1_ER_IRQHandler
                0x0000000008005d18                USBWakeUp_IRQHandler
 *fill*         0x0000000008005d1a        0x2 
 .text.__errno  0x0000000008005d1c        0xc c:/st/stm32cubeide_1.1.0/stm32cubeide/plugins/com.st.stm32cube.ide.mcu.externaltools.gnu-tools-for-stm32.7-2018-q2-update.win32_1.0.0.201904181610/tools/bin/../lib/gcc/arm-none-eabi/7.3.1/../../../../arm-none-eabi/lib/thumb/v7-m\libc_nano.a(lib_a-errno.o)
                0x0000000008005d1c                __errno
 .text.__libc_init_array
                0x0000000008005d28       0x48 c:/st/stm32cubeide_1.1.0/stm32cubeide/plugins/com.st.stm32cube.ide.mcu.externaltools.gnu-tools-for-stm32.7-2018-q2-update.win32_1.0.0.201904181610/tools/bin/../lib/gcc/arm-none-eabi/7.3.1/../../../../arm-none-eabi/lib/thumb/v7-m\libc_nano.a(lib_a-init.o)
                0x0000000008005d28                __libc_init_array
 .text.memset   0x0000000008005d70       0x10 c:/st/stm32cubeide_1.1.0/stm32cubeide/plugins/com.st.stm32cube.ide.mcu.externaltools.gnu-tools-for-stm32.7-2018-q2-update.win32_1.0.0.201904181610/tools/bin/../lib/gcc/arm-none-eabi/7.3.1/../../../../arm-none-eabi/lib/thumb/v7-m\libc_nano.a(lib_a-memset.o)
                0x0000000008005d70                memset
 .text.sprintf  0x0000000008005d80       0x40 c:/st/stm32cubeide_1.1.0/stm32cubeide/plugins/com.st.stm32cube.ide.mcu.externaltools.gnu-tools-for-stm32.7-2018-q2-update.win32_1.0.0.201904181610/tools/bin/../lib/gcc/arm-none-eabi/7.3.1/../../../../arm-none-eabi/lib/thumb/v7-m\libc_nano.a(lib_a-sprintf.o)
                0x0000000008005d80                siprintf
                0x0000000008005d80                sprintf
 .text.__ssputs_r
                0x0000000008005dc0       0xb4 c:/st/stm32cubeide_1.1.0/stm32cubeide/plugins/com.st.stm32cube.ide.mcu.externaltools.gnu-tools-for-stm32.7-2018-q2-update.win32_1.0.0.201904181610/tools/bin/../lib/gcc/arm-none-eabi/7.3.1/../../../../arm-none-eabi/lib/thumb/v7-m\libc_nano.a(lib_a-nano-svfprintf.o)
                0x0000000008005dc0                __ssputs_r
 .text._svfprintf_r
                0x0000000008005e74      0x1f0 c:/st/stm32cubeide_1.1.0/stm32cubeide/plugins/com.st.stm32cube.ide.mcu.externaltools.gnu-tools-for-stm32.7-2018-q2-update.win32_1.0.0.201904181610/tools/bin/../lib/gcc/arm-none-eabi/7.3.1/../../../../arm-none-eabi/lib/thumb/v7-m\libc_nano.a(lib_a-nano-svfprintf.o)
                0x0000000008005e74                _svfiprintf_r
                0x0000000008005e74                _svfprintf_r
 .text._printf_common
                0x0000000008006064       0xec c:/st/stm32cubeide_1.1.0/stm32cubeide/plugins/com.st.stm32cube.ide.mcu.externaltools.gnu-tools-for-stm32.7-2018-q2-update.win32_1.0.0.201904181610/tools/bin/../lib/gcc/arm-none-eabi/7.3.1/../../../../arm-none-eabi/lib/thumb/v7-m\libc_nano.a(lib_a-nano-vfprintf_i.o)
                0x0000000008006064                _printf_common
 .text._printf_i
                0x0000000008006150      0x224 c:/st/stm32cubeide_1.1.0/stm32cubeide/plugins/com.st.stm32cube.ide.mcu.externaltools.gnu-tools-for-stm32.7-2018-q2-update.win32_1.0.0.201904181610/tools/bin/../lib/gcc/arm-none-eabi/7.3.1/../../../../arm-none-eabi/lib/thumb/v7-m\libc_nano.a(lib_a-nano-vfprintf_i.o)
                0x0000000008006150                _printf_i
 .text.memchr   0x0000000008006374       0x1c c:/st/stm32cubeide_1.1.0/stm32cubeide/plugins/com.st.stm32cube.ide.mcu.externaltools.gnu-tools-for-stm32.7-2018-q2-update.win32_1.0.0.201904181610/tools/bin/../lib/gcc/arm-none-eabi/7.3.1/../../../../arm-none-eabi/lib/thumb/v7-m\libc_nano.a(lib_a-memchr-stub.o)
                0x0000000008006374                memchr
 .text.memcpy   0x0000000008006390       0x16 c:/st/stm32cubeide_1.1.0/stm32cubeide/plugins/com.st.stm32cube.ide.mcu.externaltools.gnu-tools-for-stm32.7-2018-q2-update.win32_1.0.0.201904181610/tools/bin/../lib/gcc/arm-none-eabi/7.3.1/../../../../arm-none-eabi/lib/thumb/v7-m\libc_nano.a(lib_a-memcpy-stub.o)
                0x0000000008006390                memcpy
 .text.memmove  0x00000000080063a6       0x32 c:/st/stm32cubeide_1.1.0/stm32cubeide/plugins/com.st.stm32cube.ide.mcu.externaltools.gnu-tools-for-stm32.7-2018-q2-update.win32_1.0.0.201904181610/tools/bin/../lib/gcc/arm-none-eabi/7.3.1/../../../../arm-none-eabi/lib/thumb/v7-m\libc_nano.a(lib_a-memmove.o)
                0x00000000080063a6                memmove
 .text._free_r  0x00000000080063d8       0x98 c:/st/stm32cubeide_1.1.0/stm32cubeide/plugins/com.st.stm32cube.ide.mcu.externaltools.gnu-tools-for-stm32.7-2018-q2-update.win32_1.0.0.201904181610/tools/bin/../lib/gcc/arm-none-eabi/7.3.1/../../../../arm-none-eabi/lib/thumb/v7-m\libc_nano.a(lib_a-nano-freer.o)
                0x00000000080063d8                _free_r
 .text._malloc_r
                0x0000000008006470       0xb4 c:/st/stm32cubeide_1.1.0/stm32cubeide/plugins/com.st.stm32cube.ide.mcu.externaltools.gnu-tools-for-stm32.7-2018-q2-update.win32_1.0.0.201904181610/tools/bin/../lib/gcc/arm-none-eabi/7.3.1/../../../../arm-none-eabi/lib/thumb/v7-m\libc_nano.a(lib_a-nano-mallocr.o)
                0x0000000008006470                _malloc_r
 .text._realloc_r
                0x0000000008006524       0x4c c:/st/stm32cubeide_1.1.0/stm32cubeide/plugins/com.st.stm32cube.ide.mcu.externaltools.gnu-tools-for-stm32.7-2018-q2-update.win32_1.0.0.201904181610/tools/bin/../lib/gcc/arm-none-eabi/7.3.1/../../../../arm-none-eabi/lib/thumb/v7-m\libc_nano.a(lib_a-nano-reallocr.o)
                0x0000000008006524                _realloc_r
 .text._sbrk_r  0x0000000008006570       0x20 c:/st/stm32cubeide_1.1.0/stm32cubeide/plugins/com.st.stm32cube.ide.mcu.externaltools.gnu-tools-for-stm32.7-2018-q2-update.win32_1.0.0.201904181610/tools/bin/../lib/gcc/arm-none-eabi/7.3.1/../../../../arm-none-eabi/lib/thumb/v7-m\libc_nano.a(lib_a-sbrkr.o)
                0x0000000008006570                _sbrk_r
 .text.__malloc_lock
                0x0000000008006590        0x2 c:/st/stm32cubeide_1.1.0/stm32cubeide/plugins/com.st.stm32cube.ide.mcu.externaltools.gnu-tools-for-stm32.7-2018-q2-update.win32_1.0.0.201904181610/tools/bin/../lib/gcc/arm-none-eabi/7.3.1/../../../../arm-none-eabi/lib/thumb/v7-m\libc_nano.a(lib_a-mlock.o)
                0x0000000008006590                __malloc_lock
 .text.__malloc_unlock
                0x0000000008006592        0x2 c:/st/stm32cubeide_1.1.0/stm32cubeide/plugins/com.st.stm32cube.ide.mcu.externaltools.gnu-tools-for-stm32.7-2018-q2-update.win32_1.0.0.201904181610/tools/bin/../lib/gcc/arm-none-eabi/7.3.1/../../../../arm-none-eabi/lib/thumb/v7-m\libc_nano.a(lib_a-mlock.o)
                0x0000000008006592                __malloc_unlock
 .text._malloc_usable_size_r
                0x0000000008006594       0x10 c:/st/stm32cubeide_1.1.0/stm32cubeide/plugins/com.st.stm32cube.ide.mcu.externaltools.gnu-tools-for-stm32.7-2018-q2-update.win32_1.0.0.201904181610/tools/bin/../lib/gcc/arm-none-eabi/7.3.1/../../../../arm-none-eabi/lib/thumb/v7-m\libc_nano.a(lib_a-nano-msizer.o)
                0x0000000008006594                _malloc_usable_size_r
 *(.glue_7)
 .glue_7        0x00000000080065a4        0x0 linker stubs
 *(.glue_7t)
 .glue_7t       0x00000000080065a4        0x0 linker stubs
 *(.eh_frame)
 .eh_frame      0x00000000080065a4        0x0 c:/st/stm32cubeide_1.1.0/stm32cubeide/plugins/com.st.stm32cube.ide.mcu.externaltools.gnu-tools-for-stm32.7-2018-q2-update.win32_1.0.0.201904181610/tools/bin/../lib/gcc/arm-none-eabi/7.3.1/thumb/v7-m/crtbegin.o
 *(.init)
 .init          0x00000000080065a4        0x4 c:/st/stm32cubeide_1.1.0/stm32cubeide/plugins/com.st.stm32cube.ide.mcu.externaltools.gnu-tools-for-stm32.7-2018-q2-update.win32_1.0.0.201904181610/tools/bin/../lib/gcc/arm-none-eabi/7.3.1/thumb/v7-m/crti.o
                0x00000000080065a4                _init
 .init          0x00000000080065a8        0x8 c:/st/stm32cubeide_1.1.0/stm32cubeide/plugins/com.st.stm32cube.ide.mcu.externaltools.gnu-tools-for-stm32.7-2018-q2-update.win32_1.0.0.201904181610/tools/bin/../lib/gcc/arm-none-eabi/7.3.1/thumb/v7-m/crtn.o
 *(.fini)
 .fini          0x00000000080065b0        0x4 c:/st/stm32cubeide_1.1.0/stm32cubeide/plugins/com.st.stm32cube.ide.mcu.externaltools.gnu-tools-for-stm32.7-2018-q2-update.win32_1.0.0.201904181610/tools/bin/../lib/gcc/arm-none-eabi/7.3.1/thumb/v7-m/crti.o
                0x00000000080065b0                _fini
 .fini          0x00000000080065b4        0x8 c:/st/stm32cubeide_1.1.0/stm32cubeide/plugins/com.st.stm32cube.ide.mcu.externaltools.gnu-tools-for-stm32.7-2018-q2-update.win32_1.0.0.201904181610/tools/bin/../lib/gcc/arm-none-eabi/7.3.1/thumb/v7-m/crtn.o
                0x00000000080065bc                . = ALIGN (0x4)
                0x00000000080065bc                _etext = .

.vfp11_veneer   0x00000000080065bc        0x0
 .vfp11_veneer  0x00000000080065bc        0x0 linker stubs

.v4_bx          0x00000000080065bc        0x0
 .v4_bx         0x00000000080065bc        0x0 linker stubs

.iplt           0x00000000080065bc        0x0
 .iplt          0x00000000080065bc        0x0 c:/st/stm32cubeide_1.1.0/stm32cubeide/plugins/com.st.stm32cube.ide.mcu.externaltools.gnu-tools-for-stm32.7-2018-q2-update.win32_1.0.0.201904181610/tools/bin/../lib/gcc/arm-none-eabi/7.3.1/thumb/v7-m/crtbegin.o

.rodata         0x00000000080065bc     0x28fc
                0x00000000080065bc                . = ALIGN (0x4)
 *(.rodata)
 .rodata        0x00000000080065bc       0x12 Drivers/STM32F1xx_HAL_Driver/Src/stm32f1xx_hal_rcc.o
 *fill*         0x00000000080065ce        0x2 
 .rodata        0x00000000080065d0       0x86 Src/App.o
 *(.rodata*)
 *fill*         0x0000000008006656        0x2 
 .rodata.Font7x10
                0x0000000008006658      0x76c Drivers/Devices/Display/__Fonts.o
                0x0000000008006658                Font7x10
 .rodata.Font11x18
                0x0000000008006dc4      0xd5c Drivers/Devices/Display/__Fonts.o
                0x0000000008006dc4                Font11x18
 .rodata.Font16x26
                0x0000000008007b20     0x134c Drivers/Devices/Display/__Fonts.o
                0x0000000008007b20                Font16x26
 .rodata.AHBPrescTable
                0x0000000008008e6c       0x10 Src/system_stm32f1xx.o
                0x0000000008008e6c                AHBPrescTable
 .rodata.APBPrescTable
                0x0000000008008e7c        0x8 Src/system_stm32f1xx.o
                0x0000000008008e7c                APBPrescTable
 .rodata._svfprintf_r.str1.1
                0x0000000008008e84       0x11 c:/st/stm32cubeide_1.1.0/stm32cubeide/plugins/com.st.stm32cube.ide.mcu.externaltools.gnu-tools-for-stm32.7-2018-q2-update.win32_1.0.0.201904181610/tools/bin/../lib/gcc/arm-none-eabi/7.3.1/../../../../arm-none-eabi/lib/thumb/v7-m\libc_nano.a(lib_a-nano-svfprintf.o)
 .rodata._printf_i.str1.1
                0x0000000008008e95       0x22 c:/st/stm32cubeide_1.1.0/stm32cubeide/plugins/com.st.stm32cube.ide.mcu.externaltools.gnu-tools-for-stm32.7-2018-q2-update.win32_1.0.0.201904181610/tools/bin/../lib/gcc/arm-none-eabi/7.3.1/../../../../arm-none-eabi/lib/thumb/v7-m\libc_nano.a(lib_a-nano-vfprintf_i.o)
                0x0000000008008eb8                . = ALIGN (0x4)
 *fill*         0x0000000008008eb7        0x1 

.rel.dyn        0x0000000008008eb8        0x0
 .rel.iplt      0x0000000008008eb8        0x0 c:/st/stm32cubeide_1.1.0/stm32cubeide/plugins/com.st.stm32cube.ide.mcu.externaltools.gnu-tools-for-stm32.7-2018-q2-update.win32_1.0.0.201904181610/tools/bin/../lib/gcc/arm-none-eabi/7.3.1/thumb/v7-m/crtbegin.o

.ARM.extab      0x0000000008008eb8        0x0
                0x0000000008008eb8                . = ALIGN (0x4)
 *(.ARM.extab* .gnu.linkonce.armextab.*)
                0x0000000008008eb8                . = ALIGN (0x4)

.ARM            0x0000000008008eb8        0x0
                0x0000000008008eb8                . = ALIGN (0x4)
                0x0000000008008eb8                __exidx_start = .
 *(.ARM.exidx*)
                0x0000000008008eb8                __exidx_end = .
                0x0000000008008eb8                . = ALIGN (0x4)

.preinit_array  0x0000000008008eb8        0x0
                0x0000000008008eb8                . = ALIGN (0x4)
                0x0000000008008eb8                PROVIDE (__preinit_array_start = .)
 *(.preinit_array*)
                0x0000000008008eb8                PROVIDE (__preinit_array_end = .)
                0x0000000008008eb8                . = ALIGN (0x4)

.init_array     0x0000000008008eb8        0x4
                0x0000000008008eb8                . = ALIGN (0x4)
                0x0000000008008eb8                PROVIDE (__init_array_start = .)
 *(SORT_BY_NAME(.init_array.*))
 *(.init_array*)
 .init_array    0x0000000008008eb8        0x4 c:/st/stm32cubeide_1.1.0/stm32cubeide/plugins/com.st.stm32cube.ide.mcu.externaltools.gnu-tools-for-stm32.7-2018-q2-update.win32_1.0.0.201904181610/tools/bin/../lib/gcc/arm-none-eabi/7.3.1/thumb/v7-m/crtbegin.o
                0x0000000008008ebc                PROVIDE (__init_array_end = .)
                0x0000000008008ebc                . = ALIGN (0x4)

.fini_array     0x0000000008008ebc        0x4
                0x0000000008008ebc                . = ALIGN (0x4)
                [!provide]                        PROVIDE (__fini_array_start = .)
 *(SORT_BY_NAME(.fini_array.*))
 *(.fini_array*)
 .fini_array    0x0000000008008ebc        0x4 c:/st/stm32cubeide_1.1.0/stm32cubeide/plugins/com.st.stm32cube.ide.mcu.externaltools.gnu-tools-for-stm32.7-2018-q2-update.win32_1.0.0.201904181610/tools/bin/../lib/gcc/arm-none-eabi/7.3.1/thumb/v7-m/crtbegin.o
                [!provide]                        PROVIDE (__fini_array_end = .)
                0x0000000008008ec0                . = ALIGN (0x4)
                0x0000000008008ec0                _sidata = LOADADDR (.data)

.data           0x0000000020000000       0x88 load address 0x0000000008008ec0
                0x0000000020000000                . = ALIGN (0x4)
                0x0000000020000000                _sdata = .
 *(.data)
 *(.data*)
 .data.Font_7x10
                0x0000000020000000        0x8 Drivers/Devices/Display/__Fonts.o
                0x0000000020000000                Font_7x10
 .data.Font_11x18
                0x0000000020000008        0x8 Drivers/Devices/Display/__Fonts.o
                0x0000000020000008                Font_11x18
 .data.Font_16x26
                0x0000000020000010        0x8 Drivers/Devices/Display/__Fonts.o
                0x0000000020000010                Font_16x26
 .data.uwTickPrio
                0x0000000020000018        0x4 Drivers/STM32F1xx_HAL_Driver/Src/stm32f1xx_hal.o
                0x0000000020000018                uwTickPrio
 .data.uwTickFreq
                0x000000002000001c        0x1 Drivers/STM32F1xx_HAL_Driver/Src/stm32f1xx_hal.o
                0x000000002000001c                uwTickFreq
 *fill*         0x000000002000001d        0x3 
 .data.SystemCoreClock
                0x0000000020000020        0x4 Src/system_stm32f1xx.o
                0x0000000020000020                SystemCoreClock
 .data._impure_ptr
                0x0000000020000024        0x4 c:/st/stm32cubeide_1.1.0/stm32cubeide/plugins/com.st.stm32cube.ide.mcu.externaltools.gnu-tools-for-stm32.7-2018-q2-update.win32_1.0.0.201904181610/tools/bin/../lib/gcc/arm-none-eabi/7.3.1/../../../../arm-none-eabi/lib/thumb/v7-m\libc_nano.a(lib_a-impure.o)
                0x0000000020000024                _impure_ptr
 .data.impure_data
                0x0000000020000028       0x60 c:/st/stm32cubeide_1.1.0/stm32cubeide/plugins/com.st.stm32cube.ide.mcu.externaltools.gnu-tools-for-stm32.7-2018-q2-update.win32_1.0.0.201904181610/tools/bin/../lib/gcc/arm-none-eabi/7.3.1/../../../../arm-none-eabi/lib/thumb/v7-m\libc_nano.a(lib_a-impure.o)
                0x0000000020000088                . = ALIGN (0x4)
                0x0000000020000088                _edata = .

.igot.plt       0x0000000020000088        0x0 load address 0x0000000008008f48
 .igot.plt      0x0000000020000088        0x0 c:/st/stm32cubeide_1.1.0/stm32cubeide/plugins/com.st.stm32cube.ide.mcu.externaltools.gnu-tools-for-stm32.7-2018-q2-update.win32_1.0.0.201904181610/tools/bin/../lib/gcc/arm-none-eabi/7.3.1/thumb/v7-m/crtbegin.o
                0x0000000020000088                . = ALIGN (0x4)

.bss            0x0000000020000088      0xaa0 load address 0x0000000008008f48
                0x0000000020000088                _sbss = .
                0x0000000020000088                __bss_start__ = _sbss
 *(.bss)
 .bss           0x0000000020000088       0x1c c:/st/stm32cubeide_1.1.0/stm32cubeide/plugins/com.st.stm32cube.ide.mcu.externaltools.gnu-tools-for-stm32.7-2018-q2-update.win32_1.0.0.201904181610/tools/bin/../lib/gcc/arm-none-eabi/7.3.1/thumb/v7-m/crtbegin.o
 *(.bss*)
 .bss.SSD1306_Buffer
                0x00000000200000a4      0x400 Drivers/Devices/Display/ssd1306.o
 .bss.SSD1306   0x00000000200004a4        0x6 Drivers/Devices/Display/ssd1306.o
 *fill*         0x00000000200004aa        0x2 
 .bss.param_changed
                0x00000000200004ac        0x4 Src/App.o
                0x00000000200004ac                param_changed
 .bss.time_BpUp.8020
                0x00000000200004b0        0x4 Src/App.o
 .bss.time_BpDown.8021
                0x00000000200004b4        0x4 Src/App.o
 .bss.time_BpOk.8022
                0x00000000200004b8        0x4 Src/App.o
 .bss.cpt_strob.8028
                0x00000000200004bc        0x4 Src/App.o
 .bss.timeRefreshFan.8051
                0x00000000200004c0        0x4 Src/App.o
 .bss.Cpt_Mean.8055
                0x00000000200004c4        0x1 Src/App.o
 *fill*         0x00000000200004c5        0x3 
 .bss.FAN_Mean.8054
                0x00000000200004c8        0x4 Src/App.o
 .bss.FAN_Duty.8053
                0x00000000200004cc        0x1 Src/App.o
 *fill*         0x00000000200004cd        0x3 
 .bss.timePWMFan.8052
                0x00000000200004d0        0x4 Src/App.o
 .bss.timeRefreshDisplay.8058
                0x00000000200004d4        0x4 Src/App.o
 .bss.heap_end.5149
                0x00000000200004d8        0x4 Src/sysmem.o
 .bss.__malloc_free_list
                0x00000000200004dc        0x4 c:/st/stm32cubeide_1.1.0/stm32cubeide/plugins/com.st.stm32cube.ide.mcu.externaltools.gnu-tools-for-stm32.7-2018-q2-update.win32_1.0.0.201904181610/tools/bin/../lib/gcc/arm-none-eabi/7.3.1/../../../../arm-none-eabi/lib/thumb/v7-m\libc_nano.a(lib_a-nano-mallocr.o)
                0x00000000200004dc                __malloc_free_list
 .bss.__malloc_sbrk_start
                0x00000000200004e0        0x4 c:/st/stm32cubeide_1.1.0/stm32cubeide/plugins/com.st.stm32cube.ide.mcu.externaltools.gnu-tools-for-stm32.7-2018-q2-update.win32_1.0.0.201904181610/tools/bin/../lib/gcc/arm-none-eabi/7.3.1/../../../../arm-none-eabi/lib/thumb/v7-m\libc_nano.a(lib_a-nano-mallocr.o)
                0x00000000200004e0                __malloc_sbrk_start
 *(COMMON)
 COMMON         0x00000000200004e4        0x4 Drivers/STM32F1xx_HAL_Driver/Src/stm32f1xx_hal.o
                0x00000000200004e4                uwTick
 COMMON         0x00000000200004e8       0x20 Drivers/STM32F1xx_HAL_Driver/Src/stm32f1xx_hal_flash.o
                0x00000000200004e8                pFlash
 COMMON         0x0000000020000508      0x400 Drivers/System/Flash_Manager.o
                0x0000000020000508                flash_temp_data
 COMMON         0x0000000020000908       0x38 Middlewares/Protocol/DMX/DMX.o
                0x0000000020000908                dmx_LastTick
                0x000000002000090c                dmx_address_end
                0x0000000020000910                dmx_buff_valid
                0x000000002000091c                dmx_ref_uart
                0x0000000020000920                dmx_Last_Error
                0x0000000020000921                dmx_address_begin
                0x0000000020000924                dmx_rx_buff
                0x0000000020000925                dmx_ref_buffer
                0x0000000020000926                dmx_cptAddress
                0x0000000020000928                dmx_buff1
                0x0000000020000934                dmx_buff2
                0x000000002000093e                dmx_cptByte
 COMMON         0x0000000020000940        0xc Middlewares/Protocol/GENE_I2C/GENE_I2C_Master.o
                0x0000000020000940                pSDA_Port
                0x0000000020000944                iSDA_Pin
                0x0000000020000946                iSCL_Pin
                0x0000000020000948                pSCL_Port
 COMMON         0x000000002000094c       0x68 Src/App.o
                0x000000002000094c                SERVO2_Channel
                0x0000000020000950                Current_Value
                0x0000000020000954                tick_save_param
                0x0000000020000958                IsInverted
                0x0000000020000959                Mean_Value
                0x000000002000095a                Strob_value_Rand
                0x000000002000095c                LED1_PWMchannel
                0x0000000020000960                Manu_value
                0x0000000020000961                DMX_signal_OK
                0x0000000020000964                FAN_PWMchannel
                0x0000000020000968                LED2_PWMchannel
                0x000000002000096c                Bp_Down
                0x0000000020000970                LED3_pwmtimer
                0x0000000020000974                DMX_uart
                0x0000000020000978                Strob_value_Full
                0x000000002000097c                LED1_pwmtimer
                0x0000000020000980                Current_Mode
                0x0000000020000984                LED3_PWMchannel
                0x0000000020000988                LED4_pwmtimer
                0x000000002000098c                Bp_Ok
                0x0000000020000990                LED2_pwmtimer
                0x0000000020000994                LED4_PWMchannel
                0x0000000020000998                Current_Display
                0x000000002000099c                FAN_pwmtimer
                0x00000000200009a0                SERVO_pwmtimer
                0x00000000200009a4                Bp_Up
                0x00000000200009a5                Display_Cursor
                0x00000000200009a8                SERVO1_Channel
                0x00000000200009ac                Speed_value
                0x00000000200009ae                DMX_Adress
                0x00000000200009b0                Tick_Timer
 COMMON         0x00000000200009b4       0x30 Src/adc.o
                0x00000000200009b4                hadc1
 COMMON         0x00000000200009e4       0xc0 Src/tim.o
                0x00000000200009e4                htim4
                0x0000000020000a24                htim1
                0x0000000020000a64                htim2
 COMMON         0x0000000020000aa4       0x80 Src/usart.o
                0x0000000020000aa4                huart1
                0x0000000020000ae4                huart2
 COMMON         0x0000000020000b24        0x4 c:/st/stm32cubeide_1.1.0/stm32cubeide/plugins/com.st.stm32cube.ide.mcu.externaltools.gnu-tools-for-stm32.7-2018-q2-update.win32_1.0.0.201904181610/tools/bin/../lib/gcc/arm-none-eabi/7.3.1/../../../../arm-none-eabi/lib/thumb/v7-m\libc_nano.a(lib_a-reent.o)
                0x0000000020000b24                errno
                0x0000000020000b28                . = ALIGN (0x4)
                0x0000000020000b28                _ebss = .
                0x0000000020000b28                __bss_end__ = _ebss

._user_heap_stack
                0x0000000020000b28      0x600 load address 0x0000000008008f48
                0x0000000020000b28                . = ALIGN (0x8)
                0x0000000020000b28                PROVIDE (end = .)
                [!provide]                        PROVIDE (_end = .)
                0x0000000020000d28                . = (. + _Min_Heap_Size)
 *fill*         0x0000000020000b28      0x200 
                0x0000000020001128                . = (. + _Min_Stack_Size)
 *fill*         0x0000000020000d28      0x400 
                0x0000000020001128                . = ALIGN (0x8)

/DISCARD/
 libc.a(*)
 libm.a(*)
 libgcc.a(*)

.ARM.attributes
                0x0000000000000000       0x29
 *(.ARM.attributes)
 .ARM.attributes
                0x0000000000000000       0x1d c:/st/stm32cubeide_1.1.0/stm32cubeide/plugins/com.st.stm32cube.ide.mcu.externaltools.gnu-tools-for-stm32.7-2018-q2-update.win32_1.0.0.201904181610/tools/bin/../lib/gcc/arm-none-eabi/7.3.1/thumb/v7-m/crti.o
 .ARM.attributes
                0x000000000000001d       0x2d c:/st/stm32cubeide_1.1.0/stm32cubeide/plugins/com.st.stm32cube.ide.mcu.externaltools.gnu-tools-for-stm32.7-2018-q2-update.win32_1.0.0.201904181610/tools/bin/../lib/gcc/arm-none-eabi/7.3.1/thumb/v7-m/crtbegin.o
 .ARM.attributes
                0x000000000000004a       0x33 Drivers/Devices/Display/__Fonts.o
 .ARM.attributes
                0x000000000000007d       0x33 Drivers/Devices/Display/ssd1306.o
 .ARM.attributes
                0x00000000000000b0       0x33 Drivers/Devices/PWM/PWM.o
 .ARM.attributes
                0x00000000000000e3       0x33 Drivers/STM32F1xx_HAL_Driver/Src/stm32f1xx_hal.o
 .ARM.attributes
                0x0000000000000116       0x33 Drivers/STM32F1xx_HAL_Driver/Src/stm32f1xx_hal_adc.o
 .ARM.attributes
                0x0000000000000149       0x33 Drivers/STM32F1xx_HAL_Driver/Src/stm32f1xx_hal_cortex.o
 .ARM.attributes
                0x000000000000017c       0x33 Drivers/STM32F1xx_HAL_Driver/Src/stm32f1xx_hal_dma.o
 .ARM.attributes
                0x00000000000001af       0x33 Drivers/STM32F1xx_HAL_Driver/Src/stm32f1xx_hal_flash.o
 .ARM.attributes
                0x00000000000001e2       0x33 Drivers/STM32F1xx_HAL_Driver/Src/stm32f1xx_hal_flash_ex.o
 .ARM.attributes
                0x0000000000000215       0x33 Drivers/STM32F1xx_HAL_Driver/Src/stm32f1xx_hal_gpio.o
 .ARM.attributes
                0x0000000000000248       0x33 Drivers/STM32F1xx_HAL_Driver/Src/stm32f1xx_hal_rcc.o
 .ARM.attributes
                0x000000000000027b       0x33 Drivers/STM32F1xx_HAL_Driver/Src/stm32f1xx_hal_rcc_ex.o
 .ARM.attributes
                0x00000000000002ae       0x33 Drivers/STM32F1xx_HAL_Driver/Src/stm32f1xx_hal_tim.o
 .ARM.attributes
                0x00000000000002e1       0x33 Drivers/STM32F1xx_HAL_Driver/Src/stm32f1xx_hal_tim_ex.o
 .ARM.attributes
                0x0000000000000314       0x33 Drivers/STM32F1xx_HAL_Driver/Src/stm32f1xx_hal_uart.o
 .ARM.attributes
                0x0000000000000347       0x33 Drivers/System/Flash_Manager.o
 .ARM.attributes
                0x000000000000037a       0x33 Middlewares/Protocol/DMX/DMX.o
 .ARM.attributes
                0x00000000000003ad       0x33 Middlewares/Protocol/GENE_I2C/GENE_I2C_Master.o
 .ARM.attributes
                0x00000000000003e0       0x33 Src/App.o
 .ARM.attributes
                0x0000000000000413       0x33 Src/adc.o
 .ARM.attributes
                0x0000000000000446       0x33 Src/gpio.o
 .ARM.attributes
                0x0000000000000479       0x33 Src/main.o
 .ARM.attributes
                0x00000000000004ac       0x33 Src/stm32f1xx_hal_msp.o
 .ARM.attributes
                0x00000000000004df       0x33 Src/stm32f1xx_it.o
 .ARM.attributes
                0x0000000000000512       0x33 Src/sysmem.o
 .ARM.attributes
                0x0000000000000545       0x33 Src/system_stm32f1xx.o
 .ARM.attributes
                0x0000000000000578       0x33 Src/tim.o
 .ARM.attributes
                0x00000000000005ab       0x33 Src/usart.o
 .ARM.attributes
                0x00000000000005de       0x21 Startup/startup_stm32f103c8tx.o
 .ARM.attributes
                0x00000000000005ff       0x2d c:/st/stm32cubeide_1.1.0/stm32cubeide/plugins/com.st.stm32cube.ide.mcu.externaltools.gnu-tools-for-stm32.7-2018-q2-update.win32_1.0.0.201904181610/tools/bin/../lib/gcc/arm-none-eabi/7.3.1/../../../../arm-none-eabi/lib/thumb/v7-m\libc_nano.a(lib_a-errno.o)
 .ARM.attributes
                0x000000000000062c       0x2d c:/st/stm32cubeide_1.1.0/stm32cubeide/plugins/com.st.stm32cube.ide.mcu.externaltools.gnu-tools-for-stm32.7-2018-q2-update.win32_1.0.0.201904181610/tools/bin/../lib/gcc/arm-none-eabi/7.3.1/../../../../arm-none-eabi/lib/thumb/v7-m\libc_nano.a(lib_a-impure.o)
 .ARM.attributes
                0x0000000000000659       0x2d c:/st/stm32cubeide_1.1.0/stm32cubeide/plugins/com.st.stm32cube.ide.mcu.externaltools.gnu-tools-for-stm32.7-2018-q2-update.win32_1.0.0.201904181610/tools/bin/../lib/gcc/arm-none-eabi/7.3.1/../../../../arm-none-eabi/lib/thumb/v7-m\libc_nano.a(lib_a-init.o)
 .ARM.attributes
                0x0000000000000686       0x2d c:/st/stm32cubeide_1.1.0/stm32cubeide/plugins/com.st.stm32cube.ide.mcu.externaltools.gnu-tools-for-stm32.7-2018-q2-update.win32_1.0.0.201904181610/tools/bin/../lib/gcc/arm-none-eabi/7.3.1/../../../../arm-none-eabi/lib/thumb/v7-m\libc_nano.a(lib_a-memset.o)
 .ARM.attributes
                0x00000000000006b3       0x2d c:/st/stm32cubeide_1.1.0/stm32cubeide/plugins/com.st.stm32cube.ide.mcu.externaltools.gnu-tools-for-stm32.7-2018-q2-update.win32_1.0.0.201904181610/tools/bin/../lib/gcc/arm-none-eabi/7.3.1/../../../../arm-none-eabi/lib/thumb/v7-m\libc_nano.a(lib_a-sprintf.o)
 .ARM.attributes
                0x00000000000006e0       0x2d c:/st/stm32cubeide_1.1.0/stm32cubeide/plugins/com.st.stm32cube.ide.mcu.externaltools.gnu-tools-for-stm32.7-2018-q2-update.win32_1.0.0.201904181610/tools/bin/../lib/gcc/arm-none-eabi/7.3.1/../../../../arm-none-eabi/lib/thumb/v7-m\libc_nano.a(lib_a-nano-svfprintf.o)
 .ARM.attributes
                0x000000000000070d       0x2d c:/st/stm32cubeide_1.1.0/stm32cubeide/plugins/com.st.stm32cube.ide.mcu.externaltools.gnu-tools-for-stm32.7-2018-q2-update.win32_1.0.0.201904181610/tools/bin/../lib/gcc/arm-none-eabi/7.3.1/../../../../arm-none-eabi/lib/thumb/v7-m\libc_nano.a(lib_a-nano-vfprintf_i.o)
 .ARM.attributes
                0x000000000000073a       0x2d c:/st/stm32cubeide_1.1.0/stm32cubeide/plugins/com.st.stm32cube.ide.mcu.externaltools.gnu-tools-for-stm32.7-2018-q2-update.win32_1.0.0.201904181610/tools/bin/../lib/gcc/arm-none-eabi/7.3.1/../../../../arm-none-eabi/lib/thumb/v7-m\libc_nano.a(lib_a-memchr-stub.o)
 .ARM.attributes
                0x0000000000000767       0x2d c:/st/stm32cubeide_1.1.0/stm32cubeide/plugins/com.st.stm32cube.ide.mcu.externaltools.gnu-tools-for-stm32.7-2018-q2-update.win32_1.0.0.201904181610/tools/bin/../lib/gcc/arm-none-eabi/7.3.1/../../../../arm-none-eabi/lib/thumb/v7-m\libc_nano.a(lib_a-memcpy-stub.o)
 .ARM.attributes
                0x0000000000000794       0x2d c:/st/stm32cubeide_1.1.0/stm32cubeide/plugins/com.st.stm32cube.ide.mcu.externaltools.gnu-tools-for-stm32.7-2018-q2-update.win32_1.0.0.201904181610/tools/bin/../lib/gcc/arm-none-eabi/7.3.1/../../../../arm-none-eabi/lib/thumb/v7-m\libc_nano.a(lib_a-memmove.o)
 .ARM.attributes
                0x00000000000007c1       0x2d c:/st/stm32cubeide_1.1.0/stm32cubeide/plugins/com.st.stm32cube.ide.mcu.externaltools.gnu-tools-for-stm32.7-2018-q2-update.win32_1.0.0.201904181610/tools/bin/../lib/gcc/arm-none-eabi/7.3.1/../../../../arm-none-eabi/lib/thumb/v7-m\libc_nano.a(lib_a-nano-freer.o)
 .ARM.attributes
                0x00000000000007ee       0x2d c:/st/stm32cubeide_1.1.0/stm32cubeide/plugins/com.st.stm32cube.ide.mcu.externaltools.gnu-tools-for-stm32.7-2018-q2-update.win32_1.0.0.201904181610/tools/bin/../lib/gcc/arm-none-eabi/7.3.1/../../../../arm-none-eabi/lib/thumb/v7-m\libc_nano.a(lib_a-nano-mallocr.o)
 .ARM.attributes
                0x000000000000081b       0x2d c:/st/stm32cubeide_1.1.0/stm32cubeide/plugins/com.st.stm32cube.ide.mcu.externaltools.gnu-tools-for-stm32.7-2018-q2-update.win32_1.0.0.201904181610/tools/bin/../lib/gcc/arm-none-eabi/7.3.1/../../../../arm-none-eabi/lib/thumb/v7-m\libc_nano.a(lib_a-nano-reallocr.o)
 .ARM.attributes
                0x0000000000000848       0x2d c:/st/stm32cubeide_1.1.0/stm32cubeide/plugins/com.st.stm32cube.ide.mcu.externaltools.gnu-tools-for-stm32.7-2018-q2-update.win32_1.0.0.201904181610/tools/bin/../lib/gcc/arm-none-eabi/7.3.1/../../../../arm-none-eabi/lib/thumb/v7-m\libc_nano.a(lib_a-sbrkr.o)
 .ARM.attributes
                0x0000000000000875       0x2d c:/st/stm32cubeide_1.1.0/stm32cubeide/plugins/com.st.stm32cube.ide.mcu.externaltools.gnu-tools-for-stm32.7-2018-q2-update.win32_1.0.0.201904181610/tools/bin/../lib/gcc/arm-none-eabi/7.3.1/../../../../arm-none-eabi/lib/thumb/v7-m\libc_nano.a(lib_a-mlock.o)
 .ARM.attributes
                0x00000000000008a2       0x2d c:/st/stm32cubeide_1.1.0/stm32cubeide/plugins/com.st.stm32cube.ide.mcu.externaltools.gnu-tools-for-stm32.7-2018-q2-update.win32_1.0.0.201904181610/tools/bin/../lib/gcc/arm-none-eabi/7.3.1/../../../../arm-none-eabi/lib/thumb/v7-m\libc_nano.a(lib_a-nano-msizer.o)
 .ARM.attributes
                0x00000000000008cf       0x2d c:/st/stm32cubeide_1.1.0/stm32cubeide/plugins/com.st.stm32cube.ide.mcu.externaltools.gnu-tools-for-stm32.7-2018-q2-update.win32_1.0.0.201904181610/tools/bin/../lib/gcc/arm-none-eabi/7.3.1/../../../../arm-none-eabi/lib/thumb/v7-m\libc_nano.a(lib_a-reent.o)
 .ARM.attributes
                0x00000000000008fc       0x1d c:/st/stm32cubeide_1.1.0/stm32cubeide/plugins/com.st.stm32cube.ide.mcu.externaltools.gnu-tools-for-stm32.7-2018-q2-update.win32_1.0.0.201904181610/tools/bin/../lib/gcc/arm-none-eabi/7.3.1/thumb/v7-m/crtn.o
OUTPUT(DMX_Decoupe.elf elf32-littlearm)

.debug_info     0x0000000000000000    0x120b2
 .debug_info    0x0000000000000000      0xb0c Drivers/Devices/Display/__Fonts.o
 .debug_info    0x0000000000000b0c     0x13b3 Drivers/Devices/Display/ssd1306.o
 .debug_info    0x0000000000001ebf      0x6ff Drivers/Devices/PWM/PWM.o
 .debug_info    0x00000000000025be      0x6fe Drivers/STM32F1xx_HAL_Driver/Src/stm32f1xx_hal.o
 .debug_info    0x0000000000002cbc      0xc61 Drivers/STM32F1xx_HAL_Driver/Src/stm32f1xx_hal_adc.o
 .debug_info    0x000000000000391d      0xb46 Drivers/STM32F1xx_HAL_Driver/Src/stm32f1xx_hal_cortex.o
 .debug_info    0x0000000000004463      0x7a6 Drivers/STM32F1xx_HAL_Driver/Src/stm32f1xx_hal_dma.o
 .debug_info    0x0000000000004c09      0x599 Drivers/STM32F1xx_HAL_Driver/Src/stm32f1xx_hal_flash.o
 .debug_info    0x00000000000051a2      0x81c Drivers/STM32F1xx_HAL_Driver/Src/stm32f1xx_hal_flash_ex.o
 .debug_info    0x00000000000059be      0x681 Drivers/STM32F1xx_HAL_Driver/Src/stm32f1xx_hal_gpio.o
 .debug_info    0x000000000000603f      0x804 Drivers/STM32F1xx_HAL_Driver/Src/stm32f1xx_hal_rcc.o
 .debug_info    0x0000000000006843      0x439 Drivers/STM32F1xx_HAL_Driver/Src/stm32f1xx_hal_rcc_ex.o
 .debug_info    0x0000000000006c7c     0x2456 Drivers/STM32F1xx_HAL_Driver/Src/stm32f1xx_hal_tim.o
 .debug_info    0x00000000000090d2     0x1104 Drivers/STM32F1xx_HAL_Driver/Src/stm32f1xx_hal_tim_ex.o
 .debug_info    0x000000000000a1d6     0x11e3 Drivers/STM32F1xx_HAL_Driver/Src/stm32f1xx_hal_uart.o
 .debug_info    0x000000000000b3b9      0x402 Drivers/System/Flash_Manager.o
 .debug_info    0x000000000000b7bb      0x73d Middlewares/Protocol/DMX/DMX.o
 .debug_info    0x000000000000bef8      0x334 Middlewares/Protocol/GENE_I2C/GENE_I2C_Master.o
 .debug_info    0x000000000000c22c     0x178f Src/App.o
 .debug_info    0x000000000000d9bb      0x80a Src/adc.o
 .debug_info    0x000000000000e1c5      0x36e Src/gpio.o
 .debug_info    0x000000000000e533      0xd07 Src/main.o
 .debug_info    0x000000000000f23a      0x2cb Src/stm32f1xx_hal_msp.o
 .debug_info    0x000000000000f505      0x8c0 Src/stm32f1xx_it.o
 .debug_info    0x000000000000fdc5      0x91c Src/sysmem.o
 .debug_info    0x00000000000106e1      0x437 Src/system_stm32f1xx.o
 .debug_info    0x0000000000010b18      0xc29 Src/tim.o
 .debug_info    0x0000000000011741      0x94f Src/usart.o
 .debug_info    0x0000000000012090       0x22 Startup/startup_stm32f103c8tx.o

.debug_abbrev   0x0000000000000000     0x33e1
 .debug_abbrev  0x0000000000000000      0x1de Drivers/Devices/Display/__Fonts.o
 .debug_abbrev  0x00000000000001de      0x305 Drivers/Devices/Display/ssd1306.o
 .debug_abbrev  0x00000000000004e3      0x17a Drivers/Devices/PWM/PWM.o
 .debug_abbrev  0x000000000000065d      0x1d8 Drivers/STM32F1xx_HAL_Driver/Src/stm32f1xx_hal.o
 .debug_abbrev  0x0000000000000835      0x1d5 Drivers/STM32F1xx_HAL_Driver/Src/stm32f1xx_hal_adc.o
 .debug_abbrev  0x0000000000000a0a      0x2d5 Drivers/STM32F1xx_HAL_Driver/Src/stm32f1xx_hal_cortex.o
 .debug_abbrev  0x0000000000000cdf      0x1fe Drivers/STM32F1xx_HAL_Driver/Src/stm32f1xx_hal_dma.o
 .debug_abbrev  0x0000000000000edd      0x210 Drivers/STM32F1xx_HAL_Driver/Src/stm32f1xx_hal_flash.o
 .debug_abbrev  0x00000000000010ed      0x21b Drivers/STM32F1xx_HAL_Driver/Src/stm32f1xx_hal_flash_ex.o
 .debug_abbrev  0x0000000000001308      0x1c0 Drivers/STM32F1xx_HAL_Driver/Src/stm32f1xx_hal_gpio.o
 .debug_abbrev  0x00000000000014c8      0x243 Drivers/STM32F1xx_HAL_Driver/Src/stm32f1xx_hal_rcc.o
 .debug_abbrev  0x000000000000170b      0x175 Drivers/STM32F1xx_HAL_Driver/Src/stm32f1xx_hal_rcc_ex.o
 .debug_abbrev  0x0000000000001880      0x230 Drivers/STM32F1xx_HAL_Driver/Src/stm32f1xx_hal_tim.o
 .debug_abbrev  0x0000000000001ab0      0x21e Drivers/STM32F1xx_HAL_Driver/Src/stm32f1xx_hal_tim_ex.o
 .debug_abbrev  0x0000000000001cce      0x242 Drivers/STM32F1xx_HAL_Driver/Src/stm32f1xx_hal_uart.o
 .debug_abbrev  0x0000000000001f10      0x13c Drivers/System/Flash_Manager.o
 .debug_abbrev  0x000000000000204c      0x1bf Middlewares/Protocol/DMX/DMX.o
 .debug_abbrev  0x000000000000220b      0x177 Middlewares/Protocol/GENE_I2C/GENE_I2C_Master.o
 .debug_abbrev  0x0000000000002382      0x30b Src/App.o
 .debug_abbrev  0x000000000000268d      0x199 Src/adc.o
 .debug_abbrev  0x0000000000002826      0x134 Src/gpio.o
 .debug_abbrev  0x000000000000295a      0x1a5 Src/main.o
 .debug_abbrev  0x0000000000002aff      0x109 Src/stm32f1xx_hal_msp.o
 .debug_abbrev  0x0000000000002c08      0x15a Src/stm32f1xx_it.o
 .debug_abbrev  0x0000000000002d62      0x1bb Src/sysmem.o
 .debug_abbrev  0x0000000000002f1d      0x134 Src/system_stm32f1xx.o
 .debug_abbrev  0x0000000000003051      0x1dc Src/tim.o
 .debug_abbrev  0x000000000000322d      0x1a2 Src/usart.o
 .debug_abbrev  0x00000000000033cf       0x12 Startup/startup_stm32f103c8tx.o

.debug_aranges  0x0000000000000000     0x10c8
 .debug_aranges
                0x0000000000000000       0x20 Drivers/Devices/Display/__Fonts.o
 .debug_aranges
                0x0000000000000020       0xf8 Drivers/Devices/Display/ssd1306.o
 .debug_aranges
                0x0000000000000118       0x28 Drivers/Devices/PWM/PWM.o
 .debug_aranges
                0x0000000000000140       0xe0 Drivers/STM32F1xx_HAL_Driver/Src/stm32f1xx_hal.o
 .debug_aranges
                0x0000000000000220       0xf0 Drivers/STM32F1xx_HAL_Driver/Src/stm32f1xx_hal_adc.o
 .debug_aranges
                0x0000000000000310      0x100 Drivers/STM32F1xx_HAL_Driver/Src/stm32f1xx_hal_cortex.o
 .debug_aranges
                0x0000000000000410       0x80 Drivers/STM32F1xx_HAL_Driver/Src/stm32f1xx_hal_dma.o
 .debug_aranges
                0x0000000000000490       0x88 Drivers/STM32F1xx_HAL_Driver/Src/stm32f1xx_hal_flash.o
 .debug_aranges
                0x0000000000000518       0x98 Drivers/STM32F1xx_HAL_Driver/Src/stm32f1xx_hal_flash_ex.o
 .debug_aranges
                0x00000000000005b0       0x58 Drivers/STM32F1xx_HAL_Driver/Src/stm32f1xx_hal_gpio.o
 .debug_aranges
                0x0000000000000608       0x90 Drivers/STM32F1xx_HAL_Driver/Src/stm32f1xx_hal_rcc.o
 .debug_aranges
                0x0000000000000698       0x30 Drivers/STM32F1xx_HAL_Driver/Src/stm32f1xx_hal_rcc_ex.o
 .debug_aranges
                0x00000000000006c8      0x3a8 Drivers/STM32F1xx_HAL_Driver/Src/stm32f1xx_hal_tim.o
 .debug_aranges
                0x0000000000000a70      0x150 Drivers/STM32F1xx_HAL_Driver/Src/stm32f1xx_hal_tim_ex.o
 .debug_aranges
                0x0000000000000bc0      0x1d0 Drivers/STM32F1xx_HAL_Driver/Src/stm32f1xx_hal_uart.o
 .debug_aranges
                0x0000000000000d90       0x40 Drivers/System/Flash_Manager.o
 .debug_aranges
                0x0000000000000dd0       0x38 Middlewares/Protocol/DMX/DMX.o
 .debug_aranges
                0x0000000000000e08       0x30 Middlewares/Protocol/GENE_I2C/GENE_I2C_Master.o
 .debug_aranges
                0x0000000000000e38       0x90 Src/App.o
 .debug_aranges
                0x0000000000000ec8       0x30 Src/adc.o
 .debug_aranges
                0x0000000000000ef8       0x20 Src/gpio.o
 .debug_aranges
                0x0000000000000f18       0x30 Src/main.o
 .debug_aranges
                0x0000000000000f48       0x20 Src/stm32f1xx_hal_msp.o
 .debug_aranges
                0x0000000000000f68       0x70 Src/stm32f1xx_it.o
 .debug_aranges
                0x0000000000000fd8       0x20 Src/sysmem.o
 .debug_aranges
                0x0000000000000ff8       0x28 Src/system_stm32f1xx.o
 .debug_aranges
                0x0000000000001020       0x48 Src/tim.o
 .debug_aranges
                0x0000000000001068       0x38 Src/usart.o
 .debug_aranges
                0x00000000000010a0       0x28 Startup/startup_stm32f103c8tx.o

.debug_ranges   0x0000000000000000      0xf00
 .debug_ranges  0x0000000000000000       0x10 Drivers/Devices/Display/__Fonts.o
 .debug_ranges  0x0000000000000010       0xe8 Drivers/Devices/Display/ssd1306.o
 .debug_ranges  0x00000000000000f8       0x18 Drivers/Devices/PWM/PWM.o
 .debug_ranges  0x0000000000000110       0xd0 Drivers/STM32F1xx_HAL_Driver/Src/stm32f1xx_hal.o
 .debug_ranges  0x00000000000001e0       0xe0 Drivers/STM32F1xx_HAL_Driver/Src/stm32f1xx_hal_adc.o
 .debug_ranges  0x00000000000002c0       0xf0 Drivers/STM32F1xx_HAL_Driver/Src/stm32f1xx_hal_cortex.o
 .debug_ranges  0x00000000000003b0       0x70 Drivers/STM32F1xx_HAL_Driver/Src/stm32f1xx_hal_dma.o
 .debug_ranges  0x0000000000000420       0x78 Drivers/STM32F1xx_HAL_Driver/Src/stm32f1xx_hal_flash.o
 .debug_ranges  0x0000000000000498       0x88 Drivers/STM32F1xx_HAL_Driver/Src/stm32f1xx_hal_flash_ex.o
 .debug_ranges  0x0000000000000520       0x48 Drivers/STM32F1xx_HAL_Driver/Src/stm32f1xx_hal_gpio.o
 .debug_ranges  0x0000000000000568       0x80 Drivers/STM32F1xx_HAL_Driver/Src/stm32f1xx_hal_rcc.o
 .debug_ranges  0x00000000000005e8       0x20 Drivers/STM32F1xx_HAL_Driver/Src/stm32f1xx_hal_rcc_ex.o
 .debug_ranges  0x0000000000000608      0x398 Drivers/STM32F1xx_HAL_Driver/Src/stm32f1xx_hal_tim.o
 .debug_ranges  0x00000000000009a0      0x140 Drivers/STM32F1xx_HAL_Driver/Src/stm32f1xx_hal_tim_ex.o
 .debug_ranges  0x0000000000000ae0      0x1c0 Drivers/STM32F1xx_HAL_Driver/Src/stm32f1xx_hal_uart.o
 .debug_ranges  0x0000000000000ca0       0x30 Drivers/System/Flash_Manager.o
 .debug_ranges  0x0000000000000cd0       0x28 Middlewares/Protocol/DMX/DMX.o
 .debug_ranges  0x0000000000000cf8       0x20 Middlewares/Protocol/GENE_I2C/GENE_I2C_Master.o
 .debug_ranges  0x0000000000000d18       0x80 Src/App.o
 .debug_ranges  0x0000000000000d98       0x20 Src/adc.o
 .debug_ranges  0x0000000000000db8       0x10 Src/gpio.o
 .debug_ranges  0x0000000000000dc8       0x20 Src/main.o
 .debug_ranges  0x0000000000000de8       0x10 Src/stm32f1xx_hal_msp.o
 .debug_ranges  0x0000000000000df8       0x60 Src/stm32f1xx_it.o
 .debug_ranges  0x0000000000000e58       0x10 Src/sysmem.o
 .debug_ranges  0x0000000000000e68       0x18 Src/system_stm32f1xx.o
 .debug_ranges  0x0000000000000e80       0x38 Src/tim.o
 .debug_ranges  0x0000000000000eb8       0x28 Src/usart.o
 .debug_ranges  0x0000000000000ee0       0x20 Startup/startup_stm32f103c8tx.o

.debug_macro    0x0000000000000000    0x16c9f
 .debug_macro   0x0000000000000000      0x279 Drivers/Devices/Display/__Fonts.o
 .debug_macro   0x0000000000000279      0xa5a Drivers/Devices/Display/__Fonts.o
 .debug_macro   0x0000000000000cd3      0x221 Drivers/Devices/Display/__Fonts.o
 .debug_macro   0x0000000000000ef4       0x2e Drivers/Devices/Display/__Fonts.o
 .debug_macro   0x0000000000000f22       0x22 Drivers/Devices/Display/__Fonts.o
 .debug_macro   0x0000000000000f44       0x22 Drivers/Devices/Display/__Fonts.o
 .debug_macro   0x0000000000000f66       0x8e Drivers/Devices/Display/__Fonts.o
 .debug_macro   0x0000000000000ff4       0x51 Drivers/Devices/Display/__Fonts.o
 .debug_macro   0x0000000000001045       0xef Drivers/Devices/Display/__Fonts.o
 .debug_macro   0x0000000000001134       0x6a Drivers/Devices/Display/__Fonts.o
 .debug_macro   0x000000000000119e      0x1df Drivers/Devices/Display/__Fonts.o
 .debug_macro   0x000000000000137d       0x1c Drivers/Devices/Display/__Fonts.o
 .debug_macro   0x0000000000001399       0x22 Drivers/Devices/Display/__Fonts.o
 .debug_macro   0x00000000000013bb       0xc3 Drivers/Devices/Display/__Fonts.o
 .debug_macro   0x000000000000147e      0xd23 Drivers/Devices/Display/__Fonts.o
 .debug_macro   0x00000000000021a1     0xe09e Drivers/Devices/Display/__Fonts.o
 .debug_macro   0x000000000001023f       0x43 Drivers/Devices/Display/__Fonts.o
 .debug_macro   0x0000000000010282      0x174 Drivers/Devices/Display/__Fonts.o
 .debug_macro   0x00000000000103f6       0x5a Drivers/Devices/Display/__Fonts.o
 .debug_macro   0x0000000000010450      0x5be Drivers/Devices/Display/__Fonts.o
 .debug_macro   0x0000000000010a0e      0x289 Drivers/Devices/Display/__Fonts.o
 .debug_macro   0x0000000000010c97      0x1cb Drivers/Devices/Display/__Fonts.o
 .debug_macro   0x0000000000010e62      0x114 Drivers/Devices/Display/__Fonts.o
 .debug_macro   0x0000000000010f76      0x1b2 Drivers/Devices/Display/__Fonts.o
 .debug_macro   0x0000000000011128       0x27 Drivers/Devices/Display/__Fonts.o
 .debug_macro   0x000000000001114f      0x136 Drivers/Devices/Display/__Fonts.o
 .debug_macro   0x0000000000011285      0x1bc Drivers/Devices/Display/__Fonts.o
 .debug_macro   0x0000000000011441       0x34 Drivers/Devices/Display/__Fonts.o
 .debug_macro   0x0000000000011475       0x3c Drivers/Devices/Display/__Fonts.o
 .debug_macro   0x00000000000114b1       0x57 Drivers/Devices/Display/__Fonts.o
 .debug_macro   0x0000000000011508      0x46a Drivers/Devices/Display/__Fonts.o
 .debug_macro   0x0000000000011972      0x1b5 Drivers/Devices/Display/__Fonts.o
 .debug_macro   0x0000000000011b27       0x88 Drivers/Devices/Display/__Fonts.o
 .debug_macro   0x0000000000011baf      0x241 Drivers/Devices/Display/__Fonts.o
 .debug_macro   0x0000000000011df0      0x141 Drivers/Devices/Display/__Fonts.o
 .debug_macro   0x0000000000011f31      0x88b Drivers/Devices/Display/__Fonts.o
 .debug_macro   0x00000000000127bc      0x26b Drivers/Devices/Display/__Fonts.o
 .debug_macro   0x0000000000012a27       0x83 Drivers/Devices/Display/__Fonts.o
 .debug_macro   0x0000000000012aaa       0x46 Drivers/Devices/Display/__Fonts.o
 .debug_macro   0x0000000000012af0       0x18 Drivers/Devices/Display/__Fonts.o
 .debug_macro   0x0000000000012b08       0x3c Drivers/Devices/Display/__Fonts.o
 .debug_macro   0x0000000000012b44       0x34 Drivers/Devices/Display/__Fonts.o
 .debug_macro   0x0000000000012b78       0x52 Drivers/Devices/Display/__Fonts.o
 .debug_macro   0x0000000000012bca       0x1f Drivers/Devices/Display/__Fonts.o
 .debug_macro   0x0000000000012be9       0x43 Drivers/Devices/Display/__Fonts.o
 .debug_macro   0x0000000000012c2c       0x20 Drivers/Devices/Display/__Fonts.o
 .debug_macro   0x0000000000012c4c      0x1a3 Drivers/Devices/Display/__Fonts.o
 .debug_macro   0x0000000000012def      0x32a Drivers/Devices/Display/__Fonts.o
 .debug_macro   0x0000000000013119       0x10 Drivers/Devices/Display/__Fonts.o
 .debug_macro   0x0000000000013129       0x35 Drivers/Devices/Display/__Fonts.o
 .debug_macro   0x000000000001315e       0x20 Drivers/Devices/Display/__Fonts.o
 .debug_macro   0x000000000001317e      0x2d6 Drivers/Devices/Display/ssd1306.o
 .debug_macro   0x0000000000013454       0x10 Drivers/Devices/Display/ssd1306.o
 .debug_macro   0x0000000000013464       0x16 Drivers/Devices/Display/ssd1306.o
 .debug_macro   0x000000000001347a       0x16 Drivers/Devices/Display/ssd1306.o
 .debug_macro   0x0000000000013490       0x29 Drivers/Devices/Display/ssd1306.o
 .debug_macro   0x00000000000134b9       0x16 Drivers/Devices/Display/ssd1306.o
 .debug_macro   0x00000000000134cf       0x53 Drivers/Devices/Display/ssd1306.o
 .debug_macro   0x0000000000013522      0x1b8 Drivers/Devices/PWM/PWM.o
 .debug_macro   0x00000000000136da      0x1d2 Drivers/STM32F1xx_HAL_Driver/Src/stm32f1xx_hal.o
 .debug_macro   0x00000000000138ac      0x1cb Drivers/STM32F1xx_HAL_Driver/Src/stm32f1xx_hal_adc.o
 .debug_macro   0x0000000000013a77      0x1ae Drivers/STM32F1xx_HAL_Driver/Src/stm32f1xx_hal_cortex.o
 .debug_macro   0x0000000000013c25      0x1ae Drivers/STM32F1xx_HAL_Driver/Src/stm32f1xx_hal_dma.o
 .debug_macro   0x0000000000013dd3      0x1ae Drivers/STM32F1xx_HAL_Driver/Src/stm32f1xx_hal_flash.o
 .debug_macro   0x0000000000013f81      0x1c0 Drivers/STM32F1xx_HAL_Driver/Src/stm32f1xx_hal_flash_ex.o
 .debug_macro   0x0000000000014141      0x219 Drivers/STM32F1xx_HAL_Driver/Src/stm32f1xx_hal_gpio.o
 .debug_macro   0x000000000001435a      0x1c0 Drivers/STM32F1xx_HAL_Driver/Src/stm32f1xx_hal_rcc.o
 .debug_macro   0x000000000001451a      0x1ae Drivers/STM32F1xx_HAL_Driver/Src/stm32f1xx_hal_rcc_ex.o
 .debug_macro   0x00000000000146c8      0x1af Drivers/STM32F1xx_HAL_Driver/Src/stm32f1xx_hal_tim.o
 .debug_macro   0x0000000000014877      0x1ae Drivers/STM32F1xx_HAL_Driver/Src/stm32f1xx_hal_tim_ex.o
 .debug_macro   0x0000000000014a25      0x1af Drivers/STM32F1xx_HAL_Driver/Src/stm32f1xx_hal_uart.o
 .debug_macro   0x0000000000014bd4      0x1bd Drivers/System/Flash_Manager.o
 .debug_macro   0x0000000000014d91       0x10 Drivers/System/Flash_Manager.o
 .debug_macro   0x0000000000014da1      0x1be Middlewares/Protocol/DMX/DMX.o
 .debug_macro   0x0000000000014f5f      0x1bd Middlewares/Protocol/GENE_I2C/GENE_I2C_Master.o
 .debug_macro   0x000000000001511c       0x10 Middlewares/Protocol/GENE_I2C/GENE_I2C_Master.o
 .debug_macro   0x000000000001512c      0x424 Src/App.o
 .debug_macro   0x0000000000015550      0x124 Src/App.o
 .debug_macro   0x0000000000015674       0x10 Src/App.o
 .debug_macro   0x0000000000015684       0x16 Src/App.o
 .debug_macro   0x000000000001569a       0x1c Src/App.o
 .debug_macro   0x00000000000156b6       0x10 Src/App.o
 .debug_macro   0x00000000000156c6       0x10 Src/App.o
 .debug_macro   0x00000000000156d6       0x1c Src/App.o
 .debug_macro   0x00000000000156f2       0x52 Src/App.o
 .debug_macro   0x0000000000015744       0x40 Src/App.o
 .debug_macro   0x0000000000015784       0x10 Src/App.o
 .debug_macro   0x0000000000015794       0x40 Src/App.o
 .debug_macro   0x00000000000157d4       0xd7 Src/App.o
 .debug_macro   0x00000000000158ab       0x1c Src/App.o
 .debug_macro   0x00000000000158c7       0x3d Src/App.o
 .debug_macro   0x0000000000015904       0x16 Src/App.o
 .debug_macro   0x000000000001591a      0x145 Src/App.o
 .debug_macro   0x0000000000015a5f      0x1c7 Src/adc.o
 .debug_macro   0x0000000000015c26      0x1c7 Src/gpio.o
 .debug_macro   0x0000000000015ded      0x1ed Src/main.o
 .debug_macro   0x0000000000015fda      0x1bd Src/stm32f1xx_hal_msp.o
 .debug_macro   0x0000000000016197      0x1c7 Src/stm32f1xx_it.o
 .debug_macro   0x000000000001635e      0x1ae Src/sysmem.o
 .debug_macro   0x000000000001650c      0x23b Src/sysmem.o
 .debug_macro   0x0000000000016747       0x16 Src/sysmem.o
 .debug_macro   0x000000000001675d      0x1b4 Src/system_stm32f1xx.o
 .debug_macro   0x0000000000016911      0x1c7 Src/tim.o
 .debug_macro   0x0000000000016ad8      0x1c7 Src/usart.o

.debug_line     0x0000000000000000     0xfd1e
 .debug_line    0x0000000000000000      0x7bf Drivers/Devices/Display/__Fonts.o
 .debug_line    0x00000000000007bf      0xcb8 Drivers/Devices/Display/ssd1306.o
 .debug_line    0x0000000000001477      0x6a8 Drivers/Devices/PWM/PWM.o
 .debug_line    0x0000000000001b1f      0x83b Drivers/STM32F1xx_HAL_Driver/Src/stm32f1xx_hal.o
 .debug_line    0x000000000000235a      0xb8d Drivers/STM32F1xx_HAL_Driver/Src/stm32f1xx_hal_adc.o
 .debug_line    0x0000000000002ee7      0x914 Drivers/STM32F1xx_HAL_Driver/Src/stm32f1xx_hal_cortex.o
 .debug_line    0x00000000000037fb      0xaa2 Drivers/STM32F1xx_HAL_Driver/Src/stm32f1xx_hal_dma.o
 .debug_line    0x000000000000429d      0x858 Drivers/STM32F1xx_HAL_Driver/Src/stm32f1xx_hal_flash.o
 .debug_line    0x0000000000004af5      0x8a7 Drivers/STM32F1xx_HAL_Driver/Src/stm32f1xx_hal_flash_ex.o
 .debug_line    0x000000000000539c      0x83b Drivers/STM32F1xx_HAL_Driver/Src/stm32f1xx_hal_gpio.o
 .debug_line    0x0000000000005bd7      0x8fd Drivers/STM32F1xx_HAL_Driver/Src/stm32f1xx_hal_rcc.o
 .debug_line    0x00000000000064d4      0x71b Drivers/STM32F1xx_HAL_Driver/Src/stm32f1xx_hal_rcc_ex.o
 .debug_line    0x0000000000006bef     0x1701 Drivers/STM32F1xx_HAL_Driver/Src/stm32f1xx_hal_tim.o
 .debug_line    0x00000000000082f0      0xc4e Drivers/STM32F1xx_HAL_Driver/Src/stm32f1xx_hal_tim_ex.o
 .debug_line    0x0000000000008f3e      0xf46 Drivers/STM32F1xx_HAL_Driver/Src/stm32f1xx_hal_uart.o
 .debug_line    0x0000000000009e84      0x750 Drivers/System/Flash_Manager.o
 .debug_line    0x000000000000a5d4      0x6e3 Middlewares/Protocol/DMX/DMX.o
 .debug_line    0x000000000000acb7      0x74a Middlewares/Protocol/GENE_I2C/GENE_I2C_Master.o
 .debug_line    0x000000000000b401      0xd61 Src/App.o
 .debug_line    0x000000000000c162      0x696 Src/adc.o
 .debug_line    0x000000000000c7f8      0x676 Src/gpio.o
 .debug_line    0x000000000000ce6e      0x6c9 Src/main.o
 .debug_line    0x000000000000d537      0x65e Src/stm32f1xx_hal_msp.o
 .debug_line    0x000000000000db95      0x725 Src/stm32f1xx_it.o
 .debug_line    0x000000000000e2ba      0x559 Src/sysmem.o
 .debug_line    0x000000000000e813      0x68e Src/system_stm32f1xx.o
 .debug_line    0x000000000000eea1      0x735 Src/tim.o
 .debug_line    0x000000000000f5d6      0x6c9 Src/usart.o
 .debug_line    0x000000000000fc9f       0x7f Startup/startup_stm32f103c8tx.o

.debug_str      0x0000000000000000    0x78a86
 .debug_str     0x0000000000000000    0x71fc3 Drivers/Devices/Display/__Fonts.o
                                      0x72308 (size before relaxing)
 .debug_str     0x0000000000071fc3      0x6cd Drivers/Devices/Display/ssd1306.o
                                      0x72978 (size before relaxing)
 .debug_str     0x0000000000072690      0x416 Drivers/Devices/PWM/PWM.o
                                      0x6f732 (size before relaxing)
 .debug_str     0x0000000000072aa6      0x69a Drivers/STM32F1xx_HAL_Driver/Src/stm32f1xx_hal.o
                                      0x6f9ca (size before relaxing)
 .debug_str     0x0000000000073140      0x4bb Drivers/STM32F1xx_HAL_Driver/Src/stm32f1xx_hal_adc.o
                                      0x6f9cf (size before relaxing)
 .debug_str     0x00000000000735fb      0x326 Drivers/STM32F1xx_HAL_Driver/Src/stm32f1xx_hal_cortex.o
                                      0x6f9d8 (size before relaxing)
 .debug_str     0x0000000000073921      0x23f Drivers/STM32F1xx_HAL_Driver/Src/stm32f1xx_hal_dma.o
                                      0x6f71a (size before relaxing)
 .debug_str     0x0000000000073b60      0x280 Drivers/STM32F1xx_HAL_Driver/Src/stm32f1xx_hal_flash.o
                                      0x6f615 (size before relaxing)
 .debug_str     0x0000000000073de0      0x357 Drivers/STM32F1xx_HAL_Driver/Src/stm32f1xx_hal_flash_ex.o
                                      0x6f7d9 (size before relaxing)
 .debug_str     0x0000000000074137      0x399 Drivers/STM32F1xx_HAL_Driver/Src/stm32f1xx_hal_gpio.o
                                      0x6f703 (size before relaxing)
 .debug_str     0x00000000000744d0      0x373 Drivers/STM32F1xx_HAL_Driver/Src/stm32f1xx_hal_rcc.o
                                      0x6f73c (size before relaxing)
 .debug_str     0x0000000000074843      0x12b Drivers/STM32F1xx_HAL_Driver/Src/stm32f1xx_hal_rcc_ex.o
                                      0x6f4c9 (size before relaxing)
 .debug_str     0x000000000007496e      0xd98 Drivers/STM32F1xx_HAL_Driver/Src/stm32f1xx_hal_tim.o
                                      0x70507 (size before relaxing)
 .debug_str     0x0000000000075706      0x579 Drivers/STM32F1xx_HAL_Driver/Src/stm32f1xx_hal_tim_ex.o
                                      0x6fd07 (size before relaxing)
 .debug_str     0x0000000000075c7f      0x6dd Drivers/STM32F1xx_HAL_Driver/Src/stm32f1xx_hal_uart.o
                                      0x6fc2b (size before relaxing)
 .debug_str     0x000000000007635c      0x1fa Drivers/System/Flash_Manager.o
                                      0x6f510 (size before relaxing)
 .debug_str     0x0000000000076556      0x183 Middlewares/Protocol/DMX/DMX.o
                                      0x6f7e5 (size before relaxing)
 .debug_str     0x00000000000766d9       0x8c Middlewares/Protocol/GENE_I2C/GENE_I2C_Master.o
                                      0x6f3f2 (size before relaxing)
 .debug_str     0x0000000000076765     0x1b7e Src/App.o
                                      0x7479e (size before relaxing)
 .debug_str     0x00000000000782e3       0x43 Src/adc.o
                                      0x6fb33 (size before relaxing)
 .debug_str     0x0000000000078326       0x25 Src/gpio.o
                                      0x6f7c1 (size before relaxing)
 .debug_str     0x000000000007834b       0x4d Src/main.o
                                      0x7007f (size before relaxing)
 .debug_str     0x0000000000078398       0x1b Src/stm32f1xx_hal_msp.o
                                      0x6f779 (size before relaxing)
 .debug_str     0x00000000000783b3       0xca Src/stm32f1xx_it.o
                                      0x6fd3e (size before relaxing)
 .debug_str     0x000000000007847d      0x4cc Src/sysmem.o
                                       0x7acc (size before relaxing)
 .debug_str     0x0000000000078949       0x69 Src/system_stm32f1xx.o
                                      0x6f3b4 (size before relaxing)
 .debug_str     0x00000000000789b2       0x61 Src/tim.o
                                      0x7000c (size before relaxing)
 .debug_str     0x0000000000078a13       0x42 Src/usart.o
                                      0x6fe7c (size before relaxing)
 .debug_str     0x0000000000078a55       0x31 Startup/startup_stm32f103c8tx.o
                                         0x71 (size before relaxing)

.comment        0x0000000000000000       0x7b
 .comment       0x0000000000000000       0x7b Drivers/Devices/Display/__Fonts.o
                                         0x7c (size before relaxing)
 .comment       0x000000000000007b       0x7c Drivers/Devices/Display/ssd1306.o
 .comment       0x000000000000007b       0x7c Drivers/Devices/PWM/PWM.o
 .comment       0x000000000000007b       0x7c Drivers/STM32F1xx_HAL_Driver/Src/stm32f1xx_hal.o
 .comment       0x000000000000007b       0x7c Drivers/STM32F1xx_HAL_Driver/Src/stm32f1xx_hal_adc.o
 .comment       0x000000000000007b       0x7c Drivers/STM32F1xx_HAL_Driver/Src/stm32f1xx_hal_cortex.o
 .comment       0x000000000000007b       0x7c Drivers/STM32F1xx_HAL_Driver/Src/stm32f1xx_hal_dma.o
 .comment       0x000000000000007b       0x7c Drivers/STM32F1xx_HAL_Driver/Src/stm32f1xx_hal_flash.o
 .comment       0x000000000000007b       0x7c Drivers/STM32F1xx_HAL_Driver/Src/stm32f1xx_hal_flash_ex.o
 .comment       0x000000000000007b       0x7c Drivers/STM32F1xx_HAL_Driver/Src/stm32f1xx_hal_gpio.o
 .comment       0x000000000000007b       0x7c Drivers/STM32F1xx_HAL_Driver/Src/stm32f1xx_hal_rcc.o
 .comment       0x000000000000007b       0x7c Drivers/STM32F1xx_HAL_Driver/Src/stm32f1xx_hal_rcc_ex.o
 .comment       0x000000000000007b       0x7c Drivers/STM32F1xx_HAL_Driver/Src/stm32f1xx_hal_tim.o
 .comment       0x000000000000007b       0x7c Drivers/STM32F1xx_HAL_Driver/Src/stm32f1xx_hal_tim_ex.o
 .comment       0x000000000000007b       0x7c Drivers/STM32F1xx_HAL_Driver/Src/stm32f1xx_hal_uart.o
 .comment       0x000000000000007b       0x7c Drivers/System/Flash_Manager.o
 .comment       0x000000000000007b       0x7c Middlewares/Protocol/DMX/DMX.o
 .comment       0x000000000000007b       0x7c Middlewares/Protocol/GENE_I2C/GENE_I2C_Master.o
 .comment       0x000000000000007b       0x7c Src/App.o
 .comment       0x000000000000007b       0x7c Src/adc.o
 .comment       0x000000000000007b       0x7c Src/gpio.o
 .comment       0x000000000000007b       0x7c Src/main.o
 .comment       0x000000000000007b       0x7c Src/stm32f1xx_hal_msp.o
 .comment       0x000000000000007b       0x7c Src/stm32f1xx_it.o
 .comment       0x000000000000007b       0x7c Src/sysmem.o
 .comment       0x000000000000007b       0x7c Src/system_stm32f1xx.o
 .comment       0x000000000000007b       0x7c Src/tim.o
 .comment       0x000000000000007b       0x7c Src/usart.o

.debug_frame    0x0000000000000000     0x45ac
 .debug_frame   0x0000000000000000       0x38 Drivers/Devices/Display/__Fonts.o
 .debug_frame   0x0000000000000038      0x410 Drivers/Devices/Display/ssd1306.o
 .debug_frame   0x0000000000000448       0x5c Drivers/Devices/PWM/PWM.o
 .debug_frame   0x00000000000004a4      0x334 Drivers/STM32F1xx_HAL_Driver/Src/stm32f1xx_hal.o
 .debug_frame   0x00000000000007d8      0x40c Drivers/STM32F1xx_HAL_Driver/Src/stm32f1xx_hal_adc.o